Component: ARM Compiler 5.06 (build 20) Tool: armlink [4d35a3]

==============================================================================

Section Cross References

    mpu9150.o(i.mpu6050_i2c_read) refers to twi_hw_master.o(i.twi_master_transfer) for twi_master_transfer
    mpu9150.o(i.mpu6050_i2c_read) refers to mpu9150.o(.data) for .data
    mpu9150.o(i.mpu6050_i2c_write) refers to twi_hw_master.o(i.twi_master_transfer) for twi_master_transfer
    mpu9150.o(i.mpu6050_i2c_write) refers to mpu9150.o(.data) for .data
    mpu9150.o(i.mpu9150_init) refers to _printf_percent.o(.ARM.Collect$$_printf_percent$$00000000) for _printf_percent
    mpu9150.o(i.mpu9150_init) refers to _printf_x.o(.ARM.Collect$$_printf_percent$$0000000C) for _printf_x
    mpu9150.o(i.mpu9150_init) refers to _printf_hex_int.o(.text) for _printf_longlong_hex
    mpu9150.o(i.mpu9150_init) refers to mpu9150.o(i.mpu9150_register_write) for mpu9150_register_write
    mpu9150.o(i.mpu9150_init) refers to mpu9150.o(i.mpu9150_verify_product_id) for mpu9150_verify_product_id
    mpu9150.o(i.mpu9150_init) refers to nrf_delay.o(i.nrf_delay_ms) for nrf_delay_ms
    mpu9150.o(i.mpu9150_init) refers to mpu9150.o(i.mpu9150_register_read) for mpu9150_register_read
    mpu9150.o(i.mpu9150_init) refers to noretval__2printf.o(.text) for __2printf
    mpu9150.o(i.mpu9150_init) refers to mpu9150.o(.data) for .data
    mpu9150.o(i.mpu9150_register_read) refers to twi_hw_master.o(i.twi_master_transfer) for twi_master_transfer
    mpu9150.o(i.mpu9150_register_read) refers to mpu9150.o(.data) for .data
    mpu9150.o(i.mpu9150_register_write) refers to twi_hw_master.o(i.twi_master_transfer) for twi_master_transfer
    mpu9150.o(i.mpu9150_register_write) refers to mpu9150.o(.data) for .data
    mpu9150.o(i.mpu9150_verify_product_id) refers to mpu9150.o(i.mpu9150_register_read) for mpu9150_register_read
    inv_mpu.o(i.accel_self_test) refers to inv_mpu.o(i.get_accel_prod_shift) for get_accel_prod_shift
    inv_mpu.o(i.accel_self_test) refers to fflti.o(.text) for __aeabi_i2f
    inv_mpu.o(i.accel_self_test) refers to fscalbn.o(.text) for __ARM_scalbnf
    inv_mpu.o(i.accel_self_test) refers to fdiv.o(.text) for __aeabi_fdiv
    inv_mpu.o(i.accel_self_test) refers to faddsub.o(x$fpl$fsub) for __aeabi_fsub
    inv_mpu.o(i.compass_self_test) refers to inv_mpu.o(i.mpu_set_bypass) for mpu_set_bypass
    inv_mpu.o(i.compass_self_test) refers to mpu9150.o(i.mpu6050_i2c_write) for mpu6050_i2c_write
    inv_mpu.o(i.compass_self_test) refers to nrf_delay.o(i.nrf_delay_ms) for nrf_delay_ms
    inv_mpu.o(i.compass_self_test) refers to mpu9150.o(i.mpu6050_i2c_read) for mpu6050_i2c_read
    inv_mpu.o(i.compass_self_test) refers to inv_mpu.o(.data) for .data
    inv_mpu.o(i.get_accel_prod_shift) refers to mpu9150.o(i.mpu6050_i2c_read) for mpu6050_i2c_read
    inv_mpu.o(i.get_accel_prod_shift) refers to fmul.o(x$fpl$fmul) for __aeabi_fmul
    inv_mpu.o(i.get_accel_prod_shift) refers to inv_mpu.o(.data) for .data
    inv_mpu.o(i.get_st_biases) refers to mpu9150.o(i.mpu6050_i2c_write) for mpu6050_i2c_write
    inv_mpu.o(i.get_st_biases) refers to nrf_delay.o(i.nrf_delay_ms) for nrf_delay_ms
    inv_mpu.o(i.get_st_biases) refers to mpu9150.o(i.mpu6050_i2c_read) for mpu6050_i2c_read
    inv_mpu.o(i.get_st_biases) refers to aeabi_sdiv.o(.text) for __aeabi_uidivmod
    inv_mpu.o(i.get_st_biases) refers to llsdiv.o(.text) for __aeabi_ldivmod
    inv_mpu.o(i.get_st_biases) refers to inv_mpu.o(.data) for .data
    inv_mpu.o(i.gyro_self_test) refers to mpu9150.o(i.mpu6050_i2c_read) for mpu6050_i2c_read
    inv_mpu.o(i.gyro_self_test) refers to fflti.o(.text) for __aeabi_i2f
    inv_mpu.o(i.gyro_self_test) refers to fscalbn.o(.text) for __ARM_scalbnf
    inv_mpu.o(i.gyro_self_test) refers to fmul.o(x$fpl$fmul) for __aeabi_fmul
    inv_mpu.o(i.gyro_self_test) refers to fdiv.o(.text) for __aeabi_fdiv
    inv_mpu.o(i.gyro_self_test) refers to faddsub.o(x$fpl$fsub) for __aeabi_fsub
    inv_mpu.o(i.gyro_self_test) refers to inv_mpu.o(.data) for .data
    inv_mpu.o(i.mpu_configure_fifo) refers to inv_mpu.o(i.set_int_enable) for set_int_enable
    inv_mpu.o(i.mpu_configure_fifo) refers to inv_mpu.o(i.mpu_reset_fifo) for mpu_reset_fifo
    inv_mpu.o(i.mpu_configure_fifo) refers to inv_mpu.o(.data) for .data
    inv_mpu.o(i.mpu_get_accel_fsr) refers to inv_mpu.o(.data) for .data
    inv_mpu.o(i.mpu_get_accel_reg) refers to mpu9150.o(i.mpu6050_i2c_read) for mpu6050_i2c_read
    inv_mpu.o(i.mpu_get_accel_reg) refers to app_timer.o(i.app_timer_cnt_get) for app_timer_cnt_get
    inv_mpu.o(i.mpu_get_accel_reg) refers to inv_mpu.o(.data) for .data
    inv_mpu.o(i.mpu_get_accel_sens) refers to inv_mpu.o(.data) for .data
    inv_mpu.o(i.mpu_get_compass_fsr) refers to inv_mpu.o(.data) for .data
    inv_mpu.o(i.mpu_get_compass_reg) refers to mpu9150.o(i.mpu6050_i2c_read) for mpu6050_i2c_read
    inv_mpu.o(i.mpu_get_compass_reg) refers to app_timer.o(i.app_timer_cnt_get) for app_timer_cnt_get
    inv_mpu.o(i.mpu_get_compass_reg) refers to inv_mpu.o(.data) for .data
    inv_mpu.o(i.mpu_get_compass_sample_rate) refers to inv_mpu.o(.data) for .data
    inv_mpu.o(i.mpu_get_dmp_state) refers to inv_mpu.o(.data) for .data
    inv_mpu.o(i.mpu_get_fifo_config) refers to inv_mpu.o(.data) for .data
    inv_mpu.o(i.mpu_get_gyro_fsr) refers to inv_mpu.o(.data) for .data
    inv_mpu.o(i.mpu_get_gyro_reg) refers to mpu9150.o(i.mpu6050_i2c_read) for mpu6050_i2c_read
    inv_mpu.o(i.mpu_get_gyro_reg) refers to app_timer.o(i.app_timer_cnt_get) for app_timer_cnt_get
    inv_mpu.o(i.mpu_get_gyro_reg) refers to inv_mpu.o(.data) for .data
    inv_mpu.o(i.mpu_get_gyro_sens) refers to inv_mpu.o(.data) for .data
    inv_mpu.o(i.mpu_get_int_status) refers to mpu9150.o(i.mpu6050_i2c_read) for mpu6050_i2c_read
    inv_mpu.o(i.mpu_get_int_status) refers to inv_mpu.o(.data) for .data
    inv_mpu.o(i.mpu_get_lpf) refers to inv_mpu.o(i.__ARM_common_switch8) for __ARM_common_switch8
    inv_mpu.o(i.mpu_get_lpf) refers to inv_mpu.o(.data) for .data
    inv_mpu.o(i.mpu_get_power_state) refers to inv_mpu.o(.data) for .data
    inv_mpu.o(i.mpu_get_sample_rate) refers to inv_mpu.o(.data) for .data
    inv_mpu.o(i.mpu_get_temperature) refers to mpu9150.o(i.mpu6050_i2c_read) for mpu6050_i2c_read
    inv_mpu.o(i.mpu_get_temperature) refers to app_timer.o(i.app_timer_cnt_get) for app_timer_cnt_get
    inv_mpu.o(i.mpu_get_temperature) refers to fflti.o(.text) for __aeabi_ui2f
    inv_mpu.o(i.mpu_get_temperature) refers to faddsub.o(x$fpl$fsub) for __aeabi_fsub
    inv_mpu.o(i.mpu_get_temperature) refers to fdiv.o(.text) for __aeabi_fdiv
    inv_mpu.o(i.mpu_get_temperature) refers to faddsub.o(x$fpl$fadd) for __aeabi_fadd
    inv_mpu.o(i.mpu_get_temperature) refers to fscalbn.o(.text) for __ARM_scalbnf
    inv_mpu.o(i.mpu_get_temperature) refers to ffixi.o(.text) for __aeabi_f2iz
    inv_mpu.o(i.mpu_get_temperature) refers to inv_mpu.o(.data) for .data
    inv_mpu.o(i.mpu_init) refers to mpu9150.o(i.mpu6050_i2c_write) for mpu6050_i2c_write
    inv_mpu.o(i.mpu_init) refers to nrf_delay.o(i.nrf_delay_ms) for nrf_delay_ms
    inv_mpu.o(i.mpu_init) refers to rt_memclr.o(.text) for __aeabi_memclr
    inv_mpu.o(i.mpu_init) refers to inv_mpu.o(i.mpu_set_gyro_fsr) for mpu_set_gyro_fsr
    inv_mpu.o(i.mpu_init) refers to inv_mpu.o(i.mpu_set_accel_fsr) for mpu_set_accel_fsr
    inv_mpu.o(i.mpu_init) refers to inv_mpu.o(i.mpu_set_lpf) for mpu_set_lpf
    inv_mpu.o(i.mpu_init) refers to inv_mpu.o(i.mpu_set_sample_rate) for mpu_set_sample_rate
    inv_mpu.o(i.mpu_init) refers to inv_mpu.o(i.mpu_configure_fifo) for mpu_configure_fifo
    inv_mpu.o(i.mpu_init) refers to inv_mpu.o(i.setup_compass) for setup_compass
    inv_mpu.o(i.mpu_init) refers to inv_mpu.o(i.mpu_set_compass_sample_rate) for mpu_set_compass_sample_rate
    inv_mpu.o(i.mpu_init) refers to inv_mpu.o(i.mpu_set_sensors) for mpu_set_sensors
    inv_mpu.o(i.mpu_init) refers to inv_mpu.o(.data) for .data
    inv_mpu.o(i.mpu_load_firmware) refers to inv_mpu.o(i.mpu_write_mem) for mpu_write_mem
    inv_mpu.o(i.mpu_load_firmware) refers to inv_mpu.o(i.mpu_read_mem) for mpu_read_mem
    inv_mpu.o(i.mpu_load_firmware) refers to memcmp.o(.text) for memcmp
    inv_mpu.o(i.mpu_load_firmware) refers to mpu9150.o(i.mpu6050_i2c_write) for mpu6050_i2c_write
    inv_mpu.o(i.mpu_load_firmware) refers to inv_mpu.o(.data) for .data
    inv_mpu.o(i.mpu_lp_accel_mode) refers to inv_mpu.o(i.mpu_set_int_latched) for mpu_set_int_latched
    inv_mpu.o(i.mpu_lp_accel_mode) refers to mpu9150.o(i.mpu6050_i2c_write) for mpu6050_i2c_write
    inv_mpu.o(i.mpu_lp_accel_mode) refers to inv_mpu.o(i.mpu_set_lpf) for mpu_set_lpf
    inv_mpu.o(i.mpu_lp_accel_mode) refers to inv_mpu.o(i.mpu_configure_fifo) for mpu_configure_fifo
    inv_mpu.o(i.mpu_lp_accel_mode) refers to inv_mpu.o(.data) for .data
    inv_mpu.o(i.mpu_lp_motion_interrupt) refers to inv_mpu.o(i.mpu_set_dmp_state) for mpu_set_dmp_state
    inv_mpu.o(i.mpu_lp_motion_interrupt) refers to inv_mpu.o(i.mpu_get_gyro_fsr) for mpu_get_gyro_fsr
    inv_mpu.o(i.mpu_lp_motion_interrupt) refers to inv_mpu.o(i.mpu_get_accel_fsr) for mpu_get_accel_fsr
    inv_mpu.o(i.mpu_lp_motion_interrupt) refers to inv_mpu.o(i.mpu_get_lpf) for mpu_get_lpf
    inv_mpu.o(i.mpu_lp_motion_interrupt) refers to inv_mpu.o(i.mpu_get_sample_rate) for mpu_get_sample_rate
    inv_mpu.o(i.mpu_lp_motion_interrupt) refers to inv_mpu.o(i.mpu_set_sensors) for mpu_set_sensors
    inv_mpu.o(i.mpu_lp_motion_interrupt) refers to inv_mpu.o(i.mpu_set_gyro_fsr) for mpu_set_gyro_fsr
    inv_mpu.o(i.mpu_lp_motion_interrupt) refers to inv_mpu.o(i.mpu_set_accel_fsr) for mpu_set_accel_fsr
    inv_mpu.o(i.mpu_lp_motion_interrupt) refers to inv_mpu.o(i.mpu_set_lpf) for mpu_set_lpf
    inv_mpu.o(i.mpu_lp_motion_interrupt) refers to inv_mpu.o(i.mpu_set_sample_rate) for mpu_set_sample_rate
    inv_mpu.o(i.mpu_lp_motion_interrupt) refers to inv_mpu.o(i.mpu_configure_fifo) for mpu_configure_fifo
    inv_mpu.o(i.mpu_lp_motion_interrupt) refers to inv_mpu.o(.data) for .data
    inv_mpu.o(i.mpu_read_6050_accel_bias) refers to mpu9150.o(i.mpu6050_i2c_read) for mpu6050_i2c_read
    inv_mpu.o(i.mpu_read_6050_accel_bias) refers to inv_mpu.o(.data) for .data
    inv_mpu.o(i.mpu_read_6500_accel_bias) refers to mpu9150.o(i.mpu6050_i2c_read) for mpu6050_i2c_read
    inv_mpu.o(i.mpu_read_6500_accel_bias) refers to inv_mpu.o(.data) for .data
    inv_mpu.o(i.mpu_read_6500_gyro_bias) refers to mpu9150.o(i.mpu6050_i2c_read) for mpu6050_i2c_read
    inv_mpu.o(i.mpu_read_6500_gyro_bias) refers to inv_mpu.o(.data) for .data
    inv_mpu.o(i.mpu_read_fifo) refers to mpu9150.o(i.mpu6050_i2c_read) for mpu6050_i2c_read
    inv_mpu.o(i.mpu_read_fifo) refers to inv_mpu.o(i.mpu_reset_fifo) for mpu_reset_fifo
    inv_mpu.o(i.mpu_read_fifo) refers to app_timer.o(i.app_timer_cnt_get) for app_timer_cnt_get
    inv_mpu.o(i.mpu_read_fifo) refers to aeabi_sdiv.o(.text) for __aeabi_uidivmod
    inv_mpu.o(i.mpu_read_fifo) refers to inv_mpu.o(.data) for .data
    inv_mpu.o(i.mpu_read_fifo_stream) refers to mpu9150.o(i.mpu6050_i2c_read) for mpu6050_i2c_read
    inv_mpu.o(i.mpu_read_fifo_stream) refers to inv_mpu.o(i.mpu_reset_fifo) for mpu_reset_fifo
    inv_mpu.o(i.mpu_read_fifo_stream) refers to aeabi_sdiv.o(.text) for __aeabi_uidivmod
    inv_mpu.o(i.mpu_read_fifo_stream) refers to inv_mpu.o(.data) for .data
    inv_mpu.o(i.mpu_read_mem) refers to mpu9150.o(i.mpu6050_i2c_write) for mpu6050_i2c_write
    inv_mpu.o(i.mpu_read_mem) refers to mpu9150.o(i.mpu6050_i2c_read) for mpu6050_i2c_read
    inv_mpu.o(i.mpu_read_mem) refers to inv_mpu.o(.data) for .data
    inv_mpu.o(i.mpu_read_reg) refers to mpu9150.o(i.mpu6050_i2c_read) for mpu6050_i2c_read
    inv_mpu.o(i.mpu_read_reg) refers to inv_mpu.o(.data) for .data
    inv_mpu.o(i.mpu_reg_dump) refers to _printf_pad.o(.text) for _printf_pre_padding
    inv_mpu.o(i.mpu_reg_dump) refers to _printf_percent.o(.ARM.Collect$$_printf_percent$$00000000) for _printf_percent
    inv_mpu.o(i.mpu_reg_dump) refers to _printf_x.o(.ARM.Collect$$_printf_percent$$0000000C) for _printf_x
    inv_mpu.o(i.mpu_reg_dump) refers to _printf_hex_int.o(.text) for _printf_longlong_hex
    inv_mpu.o(i.mpu_reg_dump) refers to mpu9150.o(i.mpu6050_i2c_read) for mpu6050_i2c_read
    inv_mpu.o(i.mpu_reg_dump) refers to noretval__2printf.o(.text) for __2printf
    inv_mpu.o(i.mpu_reg_dump) refers to inv_mpu.o(.data) for .data
    inv_mpu.o(i.mpu_reset_fifo) refers to mpu9150.o(i.mpu6050_i2c_write) for mpu6050_i2c_write
    inv_mpu.o(i.mpu_reset_fifo) refers to nrf_delay.o(i.nrf_delay_ms) for nrf_delay_ms
    inv_mpu.o(i.mpu_reset_fifo) refers to inv_mpu.o(.data) for .data
    inv_mpu.o(i.mpu_run_self_test) refers to inv_mpu.o(i.mpu_set_dmp_state) for mpu_set_dmp_state
    inv_mpu.o(i.mpu_run_self_test) refers to inv_mpu.o(i.mpu_get_gyro_fsr) for mpu_get_gyro_fsr
    inv_mpu.o(i.mpu_run_self_test) refers to inv_mpu.o(i.mpu_get_accel_fsr) for mpu_get_accel_fsr
    inv_mpu.o(i.mpu_run_self_test) refers to inv_mpu.o(i.mpu_get_lpf) for mpu_get_lpf
    inv_mpu.o(i.mpu_run_self_test) refers to inv_mpu.o(i.mpu_get_sample_rate) for mpu_get_sample_rate
    inv_mpu.o(i.mpu_run_self_test) refers to inv_mpu.o(i.get_st_biases) for get_st_biases
    inv_mpu.o(i.mpu_run_self_test) refers to inv_mpu.o(i.accel_self_test) for accel_self_test
    inv_mpu.o(i.mpu_run_self_test) refers to inv_mpu.o(i.gyro_self_test) for gyro_self_test
    inv_mpu.o(i.mpu_run_self_test) refers to inv_mpu.o(i.compass_self_test) for compass_self_test
    inv_mpu.o(i.mpu_run_self_test) refers to inv_mpu.o(i.mpu_set_gyro_fsr) for mpu_set_gyro_fsr
    inv_mpu.o(i.mpu_run_self_test) refers to inv_mpu.o(i.mpu_set_accel_fsr) for mpu_set_accel_fsr
    inv_mpu.o(i.mpu_run_self_test) refers to inv_mpu.o(i.mpu_set_lpf) for mpu_set_lpf
    inv_mpu.o(i.mpu_run_self_test) refers to inv_mpu.o(i.mpu_set_sample_rate) for mpu_set_sample_rate
    inv_mpu.o(i.mpu_run_self_test) refers to inv_mpu.o(i.mpu_set_sensors) for mpu_set_sensors
    inv_mpu.o(i.mpu_run_self_test) refers to inv_mpu.o(i.mpu_configure_fifo) for mpu_configure_fifo
    inv_mpu.o(i.mpu_run_self_test) refers to inv_mpu.o(.data) for .data
    inv_mpu.o(i.mpu_set_accel_bias_6050_reg) refers to inv_mpu.o(i.mpu_read_6050_accel_bias) for mpu_read_6050_accel_bias
    inv_mpu.o(i.mpu_set_accel_bias_6050_reg) refers to mpu9150.o(i.mpu6050_i2c_write) for mpu6050_i2c_write
    inv_mpu.o(i.mpu_set_accel_bias_6050_reg) refers to inv_mpu.o(.data) for .data
    inv_mpu.o(i.mpu_set_accel_bias_6500_reg) refers to inv_mpu.o(i.mpu_read_6500_accel_bias) for mpu_read_6500_accel_bias
    inv_mpu.o(i.mpu_set_accel_bias_6500_reg) refers to mpu9150.o(i.mpu6050_i2c_write) for mpu6050_i2c_write
    inv_mpu.o(i.mpu_set_accel_bias_6500_reg) refers to inv_mpu.o(.data) for .data
    inv_mpu.o(i.mpu_set_accel_fsr) refers to mpu9150.o(i.mpu6050_i2c_write) for mpu6050_i2c_write
    inv_mpu.o(i.mpu_set_accel_fsr) refers to inv_mpu.o(.data) for .data
    inv_mpu.o(i.mpu_set_bypass) refers to mpu9150.o(i.mpu6050_i2c_read) for mpu6050_i2c_read
    inv_mpu.o(i.mpu_set_bypass) refers to mpu9150.o(i.mpu6050_i2c_write) for mpu6050_i2c_write
    inv_mpu.o(i.mpu_set_bypass) refers to nrf_delay.o(i.nrf_delay_ms) for nrf_delay_ms
    inv_mpu.o(i.mpu_set_bypass) refers to inv_mpu.o(.data) for .data
    inv_mpu.o(i.mpu_set_compass_sample_rate) refers to aeabi_sdiv.o(.text) for __aeabi_uidivmod
    inv_mpu.o(i.mpu_set_compass_sample_rate) refers to mpu9150.o(i.mpu6050_i2c_write) for mpu6050_i2c_write
    inv_mpu.o(i.mpu_set_compass_sample_rate) refers to inv_mpu.o(.data) for .data
    inv_mpu.o(i.mpu_set_dmp_state) refers to inv_mpu.o(i.set_int_enable) for set_int_enable
    inv_mpu.o(i.mpu_set_dmp_state) refers to inv_mpu.o(i.mpu_set_bypass) for mpu_set_bypass
    inv_mpu.o(i.mpu_set_dmp_state) refers to inv_mpu.o(i.mpu_set_sample_rate) for mpu_set_sample_rate
    inv_mpu.o(i.mpu_set_dmp_state) refers to mpu9150.o(i.mpu6050_i2c_write) for mpu6050_i2c_write
    inv_mpu.o(i.mpu_set_dmp_state) refers to inv_mpu.o(i.mpu_reset_fifo) for mpu_reset_fifo
    inv_mpu.o(i.mpu_set_dmp_state) refers to inv_mpu.o(.data) for .data
    inv_mpu.o(i.mpu_set_gyro_bias_reg) refers to mpu9150.o(i.mpu6050_i2c_write) for mpu6050_i2c_write
    inv_mpu.o(i.mpu_set_gyro_bias_reg) refers to inv_mpu.o(.data) for .data
    inv_mpu.o(i.mpu_set_gyro_fsr) refers to mpu9150.o(i.mpu6050_i2c_write) for mpu6050_i2c_write
    inv_mpu.o(i.mpu_set_gyro_fsr) refers to inv_mpu.o(.data) for .data
    inv_mpu.o(i.mpu_set_int_latched) refers to mpu9150.o(i.mpu6050_i2c_write) for mpu6050_i2c_write
    inv_mpu.o(i.mpu_set_int_latched) refers to inv_mpu.o(.data) for .data
    inv_mpu.o(i.mpu_set_int_level) refers to inv_mpu.o(.data) for .data
    inv_mpu.o(i.mpu_set_lpf) refers to mpu9150.o(i.mpu6050_i2c_write) for mpu6050_i2c_write
    inv_mpu.o(i.mpu_set_lpf) refers to inv_mpu.o(.data) for .data
    inv_mpu.o(i.mpu_set_sample_rate) refers to inv_mpu.o(i.mpu_lp_accel_mode) for mpu_lp_accel_mode
    inv_mpu.o(i.mpu_set_sample_rate) refers to aeabi_sdiv.o(.text) for __aeabi_uidivmod
    inv_mpu.o(i.mpu_set_sample_rate) refers to mpu9150.o(i.mpu6050_i2c_write) for mpu6050_i2c_write
    inv_mpu.o(i.mpu_set_sample_rate) refers to inv_mpu.o(i.mpu_set_compass_sample_rate) for mpu_set_compass_sample_rate
    inv_mpu.o(i.mpu_set_sample_rate) refers to inv_mpu.o(i.mpu_set_lpf) for mpu_set_lpf
    inv_mpu.o(i.mpu_set_sample_rate) refers to inv_mpu.o(.data) for .data
    inv_mpu.o(i.mpu_set_sensors) refers to mpu9150.o(i.mpu6050_i2c_write) for mpu6050_i2c_write
    inv_mpu.o(i.mpu_set_sensors) refers to inv_mpu.o(i.mpu_set_int_latched) for mpu_set_int_latched
    inv_mpu.o(i.mpu_set_sensors) refers to mpu9150.o(i.mpu6050_i2c_read) for mpu6050_i2c_read
    inv_mpu.o(i.mpu_set_sensors) refers to nrf_delay.o(i.nrf_delay_ms) for nrf_delay_ms
    inv_mpu.o(i.mpu_set_sensors) refers to inv_mpu.o(.data) for .data
    inv_mpu.o(i.mpu_write_mem) refers to mpu9150.o(i.mpu6050_i2c_write) for mpu6050_i2c_write
    inv_mpu.o(i.mpu_write_mem) refers to inv_mpu.o(.data) for .data
    inv_mpu.o(i.set_int_enable) refers to mpu9150.o(i.mpu6050_i2c_write) for mpu6050_i2c_write
    inv_mpu.o(i.set_int_enable) refers to inv_mpu.o(.data) for .data
    inv_mpu.o(i.setup_compass) refers to inv_mpu.o(i.mpu_set_bypass) for mpu_set_bypass
    inv_mpu.o(i.setup_compass) refers to mpu9150.o(i.mpu6050_i2c_read) for mpu6050_i2c_read
    inv_mpu.o(i.setup_compass) refers to noretval__2printf.o(.text) for __2printf
    inv_mpu.o(i.setup_compass) refers to mpu9150.o(i.mpu6050_i2c_write) for mpu6050_i2c_write
    inv_mpu.o(i.setup_compass) refers to nrf_delay.o(i.nrf_delay_ms) for nrf_delay_ms
    inv_mpu.o(i.setup_compass) refers to inv_mpu.o(.data) for .data
    inv_mpu.o(.data) refers to inv_mpu.o(.constdata) for reg
    inv_mpu.o(.data) refers to inv_mpu.o(.constdata) for hw
    inv_mpu.o(.data) refers to inv_mpu.o(.constdata) for test
    inv_mpu_dmp_motion_driver.o(i.dmp_enable_6x_lp_quat) refers to aeabi_memset.o(.text) for __aeabi_memset
    inv_mpu_dmp_motion_driver.o(i.dmp_enable_6x_lp_quat) refers to inv_mpu.o(i.mpu_write_mem) for mpu_write_mem
    inv_mpu_dmp_motion_driver.o(i.dmp_enable_6x_lp_quat) refers to inv_mpu.o(i.mpu_reset_fifo) for mpu_reset_fifo
    inv_mpu_dmp_motion_driver.o(i.dmp_enable_feature) refers to inv_mpu.o(i.mpu_write_mem) for mpu_write_mem
    inv_mpu_dmp_motion_driver.o(i.dmp_enable_feature) refers to inv_mpu_dmp_motion_driver.o(i.dmp_enable_gyro_cal) for dmp_enable_gyro_cal
    inv_mpu_dmp_motion_driver.o(i.dmp_enable_feature) refers to inv_mpu_dmp_motion_driver.o(i.dmp_set_tap_thresh) for dmp_set_tap_thresh
    inv_mpu_dmp_motion_driver.o(i.dmp_enable_feature) refers to inv_mpu_dmp_motion_driver.o(i.dmp_set_tap_axes) for dmp_set_tap_axes
    inv_mpu_dmp_motion_driver.o(i.dmp_enable_feature) refers to inv_mpu_dmp_motion_driver.o(i.dmp_set_tap_count) for dmp_set_tap_count
    inv_mpu_dmp_motion_driver.o(i.dmp_enable_feature) refers to inv_mpu_dmp_motion_driver.o(i.dmp_set_tap_time) for dmp_set_tap_time
    inv_mpu_dmp_motion_driver.o(i.dmp_enable_feature) refers to inv_mpu_dmp_motion_driver.o(i.dmp_set_tap_time_multi) for dmp_set_tap_time_multi
    inv_mpu_dmp_motion_driver.o(i.dmp_enable_feature) refers to inv_mpu_dmp_motion_driver.o(i.dmp_set_shake_reject_thresh) for dmp_set_shake_reject_thresh
    inv_mpu_dmp_motion_driver.o(i.dmp_enable_feature) refers to inv_mpu_dmp_motion_driver.o(i.dmp_set_shake_reject_time) for dmp_set_shake_reject_time
    inv_mpu_dmp_motion_driver.o(i.dmp_enable_feature) refers to inv_mpu_dmp_motion_driver.o(i.dmp_set_shake_reject_timeout) for dmp_set_shake_reject_timeout
    inv_mpu_dmp_motion_driver.o(i.dmp_enable_feature) refers to inv_mpu_dmp_motion_driver.o(i.dmp_enable_lp_quat) for dmp_enable_lp_quat
    inv_mpu_dmp_motion_driver.o(i.dmp_enable_feature) refers to inv_mpu_dmp_motion_driver.o(i.dmp_enable_6x_lp_quat) for dmp_enable_6x_lp_quat
    inv_mpu_dmp_motion_driver.o(i.dmp_enable_feature) refers to inv_mpu.o(i.mpu_reset_fifo) for mpu_reset_fifo
    inv_mpu_dmp_motion_driver.o(i.dmp_enable_feature) refers to inv_mpu_dmp_motion_driver.o(.bss) for .bss
    inv_mpu_dmp_motion_driver.o(i.dmp_enable_gyro_cal) refers to inv_mpu.o(i.mpu_write_mem) for mpu_write_mem
    inv_mpu_dmp_motion_driver.o(i.dmp_enable_lp_quat) refers to aeabi_memset.o(.text) for __aeabi_memset
    inv_mpu_dmp_motion_driver.o(i.dmp_enable_lp_quat) refers to inv_mpu.o(i.mpu_write_mem) for mpu_write_mem
    inv_mpu_dmp_motion_driver.o(i.dmp_enable_lp_quat) refers to inv_mpu.o(i.mpu_reset_fifo) for mpu_reset_fifo
    inv_mpu_dmp_motion_driver.o(i.dmp_get_enabled_features) refers to inv_mpu_dmp_motion_driver.o(.bss) for .bss
    inv_mpu_dmp_motion_driver.o(i.dmp_get_fifo_rate) refers to inv_mpu_dmp_motion_driver.o(.bss) for .bss
    inv_mpu_dmp_motion_driver.o(i.dmp_get_pedometer_step_count) refers to inv_mpu.o(i.mpu_read_mem) for mpu_read_mem
    inv_mpu_dmp_motion_driver.o(i.dmp_get_pedometer_walk_time) refers to inv_mpu.o(i.mpu_read_mem) for mpu_read_mem
    inv_mpu_dmp_motion_driver.o(i.dmp_load_motion_driver_firmware) refers to inv_mpu.o(i.mpu_load_firmware) for mpu_load_firmware
    inv_mpu_dmp_motion_driver.o(i.dmp_load_motion_driver_firmware) refers to inv_mpu_dmp_motion_driver.o(.constdata) for .constdata
    inv_mpu_dmp_motion_driver.o(i.dmp_read_fifo) refers to inv_mpu.o(i.mpu_read_fifo_stream) for mpu_read_fifo_stream
    inv_mpu_dmp_motion_driver.o(i.dmp_read_fifo) refers to inv_mpu.o(i.mpu_reset_fifo) for mpu_reset_fifo
    inv_mpu_dmp_motion_driver.o(i.dmp_read_fifo) refers to inv_mpu_dmp_motion_driver.o(.bss) for .bss
    inv_mpu_dmp_motion_driver.o(i.dmp_register_android_orient_cb) refers to inv_mpu_dmp_motion_driver.o(.bss) for .bss
    inv_mpu_dmp_motion_driver.o(i.dmp_register_tap_cb) refers to inv_mpu_dmp_motion_driver.o(.bss) for .bss
    inv_mpu_dmp_motion_driver.o(i.dmp_set_accel_bias) refers to inv_mpu.o(i.mpu_get_accel_sens) for mpu_get_accel_sens
    inv_mpu_dmp_motion_driver.o(i.dmp_set_accel_bias) refers to llmul.o(.text) for __aeabi_lmul
    inv_mpu_dmp_motion_driver.o(i.dmp_set_accel_bias) refers to inv_mpu.o(i.mpu_write_mem) for mpu_write_mem
    inv_mpu_dmp_motion_driver.o(i.dmp_set_accel_bias) refers to inv_mpu_dmp_motion_driver.o(.bss) for .bss
    inv_mpu_dmp_motion_driver.o(i.dmp_set_fifo_rate) refers to aeabi_sdiv.o(.text) for __aeabi_uidivmod
    inv_mpu_dmp_motion_driver.o(i.dmp_set_fifo_rate) refers to inv_mpu.o(i.mpu_write_mem) for mpu_write_mem
    inv_mpu_dmp_motion_driver.o(i.dmp_set_fifo_rate) refers to inv_mpu_dmp_motion_driver.o(.bss) for .bss
    inv_mpu_dmp_motion_driver.o(i.dmp_set_gyro_bias) refers to inv_mpu_dmp_motion_driver.o(i.__ARM_common_ll_mulss) for __ARM_common_ll_mulss
    inv_mpu_dmp_motion_driver.o(i.dmp_set_gyro_bias) refers to inv_mpu.o(i.mpu_write_mem) for mpu_write_mem
    inv_mpu_dmp_motion_driver.o(i.dmp_set_gyro_bias) refers to inv_mpu_dmp_motion_driver.o(.bss) for .bss
    inv_mpu_dmp_motion_driver.o(i.dmp_set_interrupt_mode) refers to inv_mpu.o(i.mpu_write_mem) for mpu_write_mem
    inv_mpu_dmp_motion_driver.o(i.dmp_set_orientation) refers to inv_mpu.o(i.mpu_write_mem) for mpu_write_mem
    inv_mpu_dmp_motion_driver.o(i.dmp_set_orientation) refers to inv_mpu_dmp_motion_driver.o(.bss) for .bss
    inv_mpu_dmp_motion_driver.o(i.dmp_set_pedometer_step_count) refers to inv_mpu.o(i.mpu_write_mem) for mpu_write_mem
    inv_mpu_dmp_motion_driver.o(i.dmp_set_pedometer_walk_time) refers to aeabi_sdiv.o(.text) for __aeabi_uidivmod
    inv_mpu_dmp_motion_driver.o(i.dmp_set_pedometer_walk_time) refers to inv_mpu.o(i.mpu_write_mem) for mpu_write_mem
    inv_mpu_dmp_motion_driver.o(i.dmp_set_shake_reject_thresh) refers to aeabi_sdiv.o(.text) for __aeabi_idivmod
    inv_mpu_dmp_motion_driver.o(i.dmp_set_shake_reject_thresh) refers to inv_mpu.o(i.mpu_write_mem) for mpu_write_mem
    inv_mpu_dmp_motion_driver.o(i.dmp_set_shake_reject_time) refers to aeabi_sdiv.o(.text) for __aeabi_uidivmod
    inv_mpu_dmp_motion_driver.o(i.dmp_set_shake_reject_time) refers to inv_mpu.o(i.mpu_write_mem) for mpu_write_mem
    inv_mpu_dmp_motion_driver.o(i.dmp_set_shake_reject_timeout) refers to aeabi_sdiv.o(.text) for __aeabi_uidivmod
    inv_mpu_dmp_motion_driver.o(i.dmp_set_shake_reject_timeout) refers to inv_mpu.o(i.mpu_write_mem) for mpu_write_mem
    inv_mpu_dmp_motion_driver.o(i.dmp_set_tap_axes) refers to inv_mpu.o(i.mpu_write_mem) for mpu_write_mem
    inv_mpu_dmp_motion_driver.o(i.dmp_set_tap_count) refers to inv_mpu.o(i.mpu_write_mem) for mpu_write_mem
    inv_mpu_dmp_motion_driver.o(i.dmp_set_tap_thresh) refers to fflti.o(.text) for __aeabi_ui2f
    inv_mpu_dmp_motion_driver.o(i.dmp_set_tap_thresh) refers to fdiv.o(.text) for __aeabi_fdiv
    inv_mpu_dmp_motion_driver.o(i.dmp_set_tap_thresh) refers to inv_mpu.o(i.mpu_get_accel_fsr) for mpu_get_accel_fsr
    inv_mpu_dmp_motion_driver.o(i.dmp_set_tap_thresh) refers to fscalbn.o(.text) for __ARM_scalbnf
    inv_mpu_dmp_motion_driver.o(i.dmp_set_tap_thresh) refers to ffixui.o(.text) for __aeabi_f2uiz
    inv_mpu_dmp_motion_driver.o(i.dmp_set_tap_thresh) refers to fmul.o(x$fpl$fmul) for __aeabi_fmul
    inv_mpu_dmp_motion_driver.o(i.dmp_set_tap_thresh) refers to inv_mpu.o(i.mpu_write_mem) for mpu_write_mem
    inv_mpu_dmp_motion_driver.o(i.dmp_set_tap_time) refers to aeabi_sdiv.o(.text) for __aeabi_uidivmod
    inv_mpu_dmp_motion_driver.o(i.dmp_set_tap_time) refers to inv_mpu.o(i.mpu_write_mem) for mpu_write_mem
    inv_mpu_dmp_motion_driver.o(i.dmp_set_tap_time_multi) refers to aeabi_sdiv.o(.text) for __aeabi_uidivmod
    inv_mpu_dmp_motion_driver.o(i.dmp_set_tap_time_multi) refers to inv_mpu.o(i.mpu_write_mem) for mpu_write_mem
    arm_startup_nrf51.o(STACK) refers (Special) to heapauxi.o(.text) for __use_two_region_memory
    arm_startup_nrf51.o(HEAP) refers (Special) to heapauxi.o(.text) for __use_two_region_memory
    arm_startup_nrf51.o(RESET) refers (Special) to heapauxi.o(.text) for __use_two_region_memory
    arm_startup_nrf51.o(RESET) refers to arm_startup_nrf51.o(STACK) for __initial_sp
    arm_startup_nrf51.o(RESET) refers to arm_startup_nrf51.o(.text) for Reset_Handler
    arm_startup_nrf51.o(RESET) refers to app_timer.o(i.RTC1_IRQHandler) for RTC1_IRQHandler
    arm_startup_nrf51.o(RESET) refers to app_timer.o(i.SWI0_IRQHandler) for SWI0_IRQHandler
    arm_startup_nrf51.o(RESET) refers to softdevice_handler.o(i.SWI2_IRQHandler) for SWI2_IRQHandler
    arm_startup_nrf51.o(.text) refers (Special) to heapauxi.o(.text) for __use_two_region_memory
    arm_startup_nrf51.o(.text) refers to system_nrf51.o(i.SystemInit) for SystemInit
    arm_startup_nrf51.o(.text) refers to __main.o(!!!main) for __main
    arm_startup_nrf51.o(.text) refers to arm_startup_nrf51.o(HEAP) for Heap_Mem
    arm_startup_nrf51.o(.text) refers to arm_startup_nrf51.o(STACK) for Stack_Mem
    system_nrf51.o(i.SystemCoreClockUpdate) refers to system_nrf51.o(.data) for .data
    system_nrf51.o(i.SystemInit) refers to system_nrf51.o(i.is_manual_peripheral_setup_needed) for is_manual_peripheral_setup_needed
    ble_srv_common.o(i.ble_srv_ascii_to_utf8) refers to strlen.o(.text) for strlen
    ble_srv_common.o(i.characteristic_add) refers to ble_srv_common.o(i.set_security_req) for set_security_req
    ble_srv_common.o(i.characteristic_add) refers to rt_memclr.o(.text) for __aeabi_memclr4
    ble_srv_common.o(i.set_security_req) refers to inv_mpu.o(i.__ARM_common_switch8) for __ARM_common_switch8
    ble_advdata.o(i.adv_data_encode) refers to ble_advdata.o(i.name_encode) for name_encode
    ble_advdata.o(i.adv_data_encode) refers to ble_advdata.o(i.uint16_encode) for uint16_encode
    ble_advdata.o(i.adv_data_encode) refers to ble_advdata.o(i.uuid_list_encode) for uuid_list_encode
    ble_advdata.o(i.adv_data_encode) refers to ble_advdata.o(i.conn_int_encode) for conn_int_encode
    ble_advdata.o(i.adv_data_encode) refers to ble_advdata.o(i.manuf_specific_data_encode) for manuf_specific_data_encode
    ble_advdata.o(i.adv_data_encode) refers to ble_advdata.o(i.service_data_encode) for service_data_encode
    ble_advdata.o(i.ble_advdata_set) refers to ble_advdata.o(i.adv_data_encode) for adv_data_encode
    ble_advdata.o(i.conn_int_encode) refers to ble_advdata.o(i.uint16_encode) for uint16_encode
    ble_advdata.o(i.manuf_specific_data_encode) refers to ble_advdata.o(i.uint16_encode) for uint16_encode
    ble_advdata.o(i.manuf_specific_data_encode) refers to rt_memcpy.o(.text) for __aeabi_memcpy
    ble_advdata.o(i.service_data_encode) refers to ble_advdata.o(i.uint16_encode) for uint16_encode
    ble_advdata.o(i.service_data_encode) refers to rt_memcpy.o(.text) for __aeabi_memcpy
    ble_advdata.o(i.uuid_list_encode) refers to ble_advdata.o(i.uuid_list_sized_encode) for uuid_list_sized_encode
    ble_conn_params.o(i.ble_conn_params_change_conn_params) refers to rt_memcpy.o(.text) for __aeabi_memcpy
    ble_conn_params.o(i.ble_conn_params_change_conn_params) refers to ble_conn_params.o(i.is_conn_params_ok) for is_conn_params_ok
    ble_conn_params.o(i.ble_conn_params_change_conn_params) refers to ble_conn_params.o(.data) for .data
    ble_conn_params.o(i.ble_conn_params_change_conn_params) refers to ble_conn_params.o(.bss) for .bss
    ble_conn_params.o(i.ble_conn_params_init) refers to rt_memcpy.o(.emb_text) for __aeabi_memcpy4
    ble_conn_params.o(i.ble_conn_params_init) refers to rt_memcpy.o(.text) for __aeabi_memcpy
    ble_conn_params.o(i.ble_conn_params_init) refers to app_timer.o(i.app_timer_create) for app_timer_create
    ble_conn_params.o(i.ble_conn_params_init) refers to ble_conn_params.o(.bss) for .bss
    ble_conn_params.o(i.ble_conn_params_init) refers to ble_conn_params.o(.data) for .data
    ble_conn_params.o(i.ble_conn_params_init) refers to ble_conn_params.o(i.update_timeout_handler) for update_timeout_handler
    ble_conn_params.o(i.ble_conn_params_on_ble_evt) refers to rt_memcpy.o(.text) for __aeabi_memcpy
    ble_conn_params.o(i.ble_conn_params_on_ble_evt) refers to ble_conn_params.o(i.conn_params_negotiation) for conn_params_negotiation
    ble_conn_params.o(i.ble_conn_params_on_ble_evt) refers to app_timer.o(i.app_timer_stop) for app_timer_stop
    ble_conn_params.o(i.ble_conn_params_on_ble_evt) refers to ble_conn_params.o(.data) for .data
    ble_conn_params.o(i.ble_conn_params_on_ble_evt) refers to ble_conn_params.o(.bss) for .bss
    ble_conn_params.o(i.ble_conn_params_stop) refers to app_timer.o(i.app_timer_stop) for app_timer_stop
    ble_conn_params.o(i.ble_conn_params_stop) refers to ble_conn_params.o(.data) for .data
    ble_conn_params.o(i.conn_params_negotiation) refers to ble_conn_params.o(i.is_conn_params_ok) for is_conn_params_ok
    ble_conn_params.o(i.conn_params_negotiation) refers to app_timer.o(i.app_timer_start) for app_timer_start
    ble_conn_params.o(i.conn_params_negotiation) refers to ble_conn_params.o(.data) for .data
    ble_conn_params.o(i.conn_params_negotiation) refers to ble_conn_params.o(.bss) for .bss
    ble_conn_params.o(i.is_conn_params_ok) refers to ble_conn_params.o(.data) for .data
    ble_conn_params.o(i.update_timeout_handler) refers to ble_conn_params.o(.data) for .data
    ble_conn_params.o(i.update_timeout_handler) refers to ble_conn_params.o(.bss) for .bss
    nrf_delay.o(i.nrf_delay_ms) refers to nrf_delay.o(.emb_text) for __asm___11_nrf_delay_c_532987f3__nrf_delay_us
    twi_hw_master.o(i.twi_master_clear_bus) refers to twi_hw_master.o(.emb_text) for __asm___15_twi_hw_master_c_959ec897__nrf_delay_us
    twi_hw_master.o(i.twi_master_init) refers to twi_hw_master.o(i.twi_master_clear_bus) for twi_master_clear_bus
    twi_hw_master.o(i.twi_master_read) refers to twi_hw_master.o(.emb_text) for __asm___15_twi_hw_master_c_959ec897__nrf_delay_us
    twi_hw_master.o(i.twi_master_read) refers to twi_hw_master.o(i.twi_master_init) for twi_master_init
    twi_hw_master.o(i.twi_master_transfer) refers to twi_hw_master.o(i.twi_master_clear_bus) for twi_master_clear_bus
    twi_hw_master.o(i.twi_master_transfer) refers to twi_hw_master.o(i.twi_master_read) for twi_master_read
    twi_hw_master.o(i.twi_master_transfer) refers to twi_hw_master.o(i.twi_master_write) for twi_master_write
    twi_hw_master.o(i.twi_master_write) refers to twi_hw_master.o(.emb_text) for __asm___15_twi_hw_master_c_959ec897__nrf_delay_us
    twi_hw_master.o(i.twi_master_write) refers to twi_hw_master.o(i.twi_master_init) for twi_master_init
    app_timer.o(i.RTC1_IRQHandler) refers to app_timer.o(i.timer_timeouts_check) for timer_timeouts_check
    app_timer.o(i.SWI0_IRQHandler) refers to app_timer.o(i.elapsed_ticks_acquire) for elapsed_ticks_acquire
    app_timer.o(i.SWI0_IRQHandler) refers to app_timer.o(i.list_deletions_handler) for list_deletions_handler
    app_timer.o(i.SWI0_IRQHandler) refers to app_timer.o(i.expired_timers_handler) for expired_timers_handler
    app_timer.o(i.SWI0_IRQHandler) refers to app_timer.o(i.list_insertions_handler) for list_insertions_handler
    app_timer.o(i.SWI0_IRQHandler) refers to app_timer.o(i.compare_reg_update) for compare_reg_update
    app_timer.o(i.SWI0_IRQHandler) refers to app_timer.o(.data) for .data
    app_timer.o(i.app_timer_create) refers to app_timer.o(.data) for .data
    app_timer.o(i.app_timer_init) refers to app_timer.o(i.rtc1_stop) for rtc1_stop
    app_timer.o(i.app_timer_init) refers to app_timer.o(i.NVIC_SetPriority) for NVIC_SetPriority
    app_timer.o(i.app_timer_init) refers to app_timer.o(.data) for .data
    app_timer.o(i.app_timer_start) refers to app_timer.o(i.user_id_get) for user_id_get
    app_timer.o(i.app_timer_start) refers to app_timer.o(i.user_op_alloc) for user_op_alloc
    app_timer.o(i.app_timer_start) refers to app_timer.o(i.timer_list_handler_sched) for timer_list_handler_sched
    app_timer.o(i.app_timer_start) refers to app_timer.o(.data) for .data
    app_timer.o(i.app_timer_stop) refers to app_timer.o(i.user_id_get) for user_id_get
    app_timer.o(i.app_timer_stop) refers to app_timer.o(i.user_op_alloc) for user_op_alloc
    app_timer.o(i.app_timer_stop) refers to app_timer.o(i.timer_list_handler_sched) for timer_list_handler_sched
    app_timer.o(i.app_timer_stop) refers to app_timer.o(.data) for .data
    app_timer.o(i.app_timer_stop_all) refers to app_timer.o(i.user_id_get) for user_id_get
    app_timer.o(i.app_timer_stop_all) refers to app_timer.o(i.user_op_alloc) for user_op_alloc
    app_timer.o(i.app_timer_stop_all) refers to app_timer.o(i.timer_list_handler_sched) for timer_list_handler_sched
    app_timer.o(i.app_timer_stop_all) refers to app_timer.o(.data) for .data
    app_timer.o(i.compare_reg_update) refers to app_timer.o(.emb_text) for __asm___11_app_timer_c_cd27f9c3__nrf_delay_us
    app_timer.o(i.compare_reg_update) refers to app_timer.o(i.rtc1_stop) for rtc1_stop
    app_timer.o(i.compare_reg_update) refers to app_timer.o(.data) for .data
    app_timer.o(i.elapsed_ticks_acquire) refers to app_timer.o(.data) for .data
    app_timer.o(i.expired_timers_handler) refers to app_timer.o(.data) for .data
    app_timer.o(i.list_deletions_handler) refers to app_timer.o(i.timer_list_remove) for timer_list_remove
    app_timer.o(i.list_deletions_handler) refers to app_timer.o(.data) for .data
    app_timer.o(i.list_insertions_handler) refers to app_timer.o(i.timer_list_insert) for timer_list_insert
    app_timer.o(i.list_insertions_handler) refers to app_timer.o(.data) for .data
    app_timer.o(i.rtc1_stop) refers to app_timer.o(.emb_text) for __asm___11_app_timer_c_cd27f9c3__nrf_delay_us
    app_timer.o(i.rtc1_stop) refers to app_timer.o(.data) for .data
    app_timer.o(i.timer_list_insert) refers to app_timer.o(.data) for .data
    app_timer.o(i.timer_list_remove) refers to app_timer.o(.data) for .data
    app_timer.o(i.timer_timeouts_check) refers to app_error.o(i.app_error_handler) for app_error_handler
    app_timer.o(i.timer_timeouts_check) refers to app_timer.o(i.timer_list_handler_sched) for timer_list_handler_sched
    app_timer.o(i.timer_timeouts_check) refers to app_timer.o(.data) for .data
    softdevice_handler.o(i.SWI2_IRQHandler) refers to app_error.o(i.app_error_handler) for app_error_handler
    softdevice_handler.o(i.SWI2_IRQHandler) refers to softdevice_handler.o(i.intern_softdevice_events_execute) for intern_softdevice_events_execute
    softdevice_handler.o(i.SWI2_IRQHandler) refers to softdevice_handler.o(.data) for .data
    softdevice_handler.o(i.intern_softdevice_events_execute) refers to app_error.o(i.app_error_handler) for app_error_handler
    softdevice_handler.o(i.intern_softdevice_events_execute) refers to softdevice_handler.o(.data) for .data
    softdevice_handler.o(i.softdevice_handler_init) refers to softdevice_handler.o(.data) for .data
    softdevice_handler.o(i.softdevice_handler_init) refers to softdevice_handler.o(i.softdevice_assertion_handler) for softdevice_assertion_handler
    softdevice_handler.o(i.softdevice_handler_sd_disable) refers to softdevice_handler.o(.data) for .data
    softdevice_handler.o(i.softdevice_sys_evt_handler_set) refers to softdevice_handler.o(.data) for .data
    llsdiv.o(.text) refers to lludiv.o(.text) for __aeabi_uldivmod
    __2printf.o(.text) refers to _printf_char_file.o(.text) for _printf_char_file
    __2printf.o(.text) refers to stdio_streams.o(.bss) for __stdout
    noretval__2printf.o(.text) refers to _printf_char_file.o(.text) for _printf_char_file
    noretval__2printf.o(.text) refers to stdio_streams.o(.bss) for __stdout
    __printf.o(.text) refers to _printf_percent.o(.ARM.Collect$$_printf_percent$$00000000) for _printf_percent
    _printf_hex_ll.o(.text) refers to _printf_intcommon.o(.text) for _printf_int_common
    _printf_hex_ll.o(.text) refers to _printf_hex_ll.o(.constdata) for .constdata
    _printf_hex_int.o(.text) refers to _printf_intcommon.o(.text) for _printf_int_common
    _printf_hex_int.o(.text) refers to _printf_hex_int.o(.constdata) for .constdata
    _printf_hex_int_ll.o(.text) refers to _printf_intcommon.o(.text) for _printf_int_common
    _printf_hex_int_ll.o(.text) refers to _printf_hex_int_ll.o(.constdata) for .constdata
    _printf_hex_ptr.o(.text) refers to _printf_intcommon.o(.text) for _printf_int_common
    _printf_hex_ptr.o(.text) refers to _printf_hex_ptr.o(.constdata) for .constdata
    _printf_hex_int_ptr.o(.text) refers to _printf_intcommon.o(.text) for _printf_int_common
    _printf_hex_int_ptr.o(.text) refers to _printf_hex_int_ptr.o(.constdata) for .constdata
    _printf_hex_ll_ptr.o(.text) refers to _printf_intcommon.o(.text) for _printf_int_common
    _printf_hex_ll_ptr.o(.text) refers to _printf_hex_ll_ptr.o(.constdata) for .constdata
    _printf_hex_int_ll_ptr.o(.text) refers to _printf_intcommon.o(.text) for _printf_int_common
    _printf_hex_int_ll_ptr.o(.text) refers to _printf_hex_int_ll_ptr.o(.constdata) for .constdata
    __printf_flags.o(.text) refers to _printf_percent.o(.ARM.Collect$$_printf_percent$$00000000) for _printf_percent
    __printf_flags.o(.text) refers to __printf_flags.o(.constdata) for .constdata
    __printf_ss.o(.text) refers to _printf_percent.o(.ARM.Collect$$_printf_percent$$00000000) for _printf_percent
    __printf_flags_ss.o(.text) refers to _printf_percent.o(.ARM.Collect$$_printf_percent$$00000000) for _printf_percent
    __printf_flags_ss.o(.text) refers to __printf_flags_ss.o(.constdata) for .constdata
    __printf_wp.o(.text) refers to __printf_wp.o(i._is_digit) for _is_digit
    __printf_wp.o(.text) refers to _printf_percent.o(.ARM.Collect$$_printf_percent$$00000000) for _printf_percent
    __printf_flags_wp.o(.text) refers to __printf_wp.o(i._is_digit) for _is_digit
    __printf_flags_wp.o(.text) refers to _printf_percent.o(.ARM.Collect$$_printf_percent$$00000000) for _printf_percent
    __printf_flags_wp.o(.text) refers to __printf_flags_wp.o(.constdata) for .constdata
    __printf_ss_wp.o(.text) refers to __printf_wp.o(i._is_digit) for _is_digit
    __printf_ss_wp.o(.text) refers to _printf_percent.o(.ARM.Collect$$_printf_percent$$00000000) for _printf_percent
    __printf_flags_ss_wp.o(.text) refers to __printf_wp.o(i._is_digit) for _is_digit
    __printf_flags_ss_wp.o(.text) refers to _printf_percent.o(.ARM.Collect$$_printf_percent$$00000000) for _printf_percent
    __printf_flags_ss_wp.o(.text) refers to __printf_flags_ss_wp.o(.constdata) for .constdata
    _printf_x.o(.ARM.Collect$$_printf_percent$$0000000C) refers (Weak) to _printf_hex_int.o(.text) for _printf_int_hex
    _printf_percent.o(.ARM.Collect$$_printf_percent$$00000000) refers (Special) to _printf_percent_end.o(.ARM.Collect$$_printf_percent$$00000017) for _printf_percent_end
    rt_memcpy.o(.text) refers to rt_memcpy.o(.emb_text) for __aeabi_memcpy4
    aeabi_memset.o(.text) refers to rt_memclr.o(.text) for _memset
    __main.o(!!!main) refers to __rtentry.o(.ARM.Collect$$rtentry$$00000000) for __rt_entry
    faddsub.o(x$fpl$fadd) refers (Special) to usenofp.o(x$fpl$usenofp) for __I$use$fp
    faddsub.o(x$fpl$fadd) refers to faddsub.o(x$fpl$fsub) for _fsub1
    faddsub.o(x$fpl$frsb) refers (Special) to usenofp.o(x$fpl$usenofp) for __I$use$fp
    faddsub.o(x$fpl$frsb) refers to faddsub.o(x$fpl$fsub) for _fsub1
    faddsub.o(x$fpl$frsb) refers to faddsub.o(x$fpl$fadd) for _fadd1
    faddsub.o(x$fpl$fsub) refers (Special) to usenofp.o(x$fpl$usenofp) for __I$use$fp
    faddsub.o(x$fpl$fsub) refers to faddsub.o(x$fpl$fadd) for _fadd1
    fdiv.o(.text) refers (Special) to usenofp.o(x$fpl$usenofp) for __I$use$fp
    fdiv.o(.text) refers to fdiv.o(.constdata) for .constdata
    fdiv.o(.constdata) refers (Special) to usenofp.o(x$fpl$usenofp) for __I$use$fp
    ffixi.o(.text) refers (Special) to usenofp.o(x$fpl$usenofp) for __I$use$fp
    ffixui.o(.text) refers (Special) to usenofp.o(x$fpl$usenofp) for __I$use$fp
    fflti.o(.text) refers (Special) to usenofp.o(x$fpl$usenofp) for __I$use$fp
    fmul.o(x$fpl$fmul) refers (Special) to usenofp.o(x$fpl$usenofp) for __I$use$fp
    fscalbn.o(.text) refers (Special) to usenofp.o(x$fpl$usenofp) for __I$use$fp
    __rtentry.o(.ARM.Collect$$rtentry$$00000000) refers (Special) to __rtentry2.o(.ARM.Collect$$rtentry$$0000000A) for __rt_entry_li
    __rtentry.o(.ARM.Collect$$rtentry$$00000000) refers (Special) to __rtentry2.o(.ARM.Collect$$rtentry$$0000000D) for __rt_entry_main
    __rtentry.o(.ARM.Collect$$rtentry$$00000000) refers (Special) to __rtentry2.o(.ARM.Collect$$rtentry$$0000000C) for __rt_entry_postli_1
    __rtentry.o(.ARM.Collect$$rtentry$$00000000) refers (Special) to __rtentry2.o(.ARM.Collect$$rtentry$$00000009) for __rt_entry_postsh_1
    __rtentry.o(.ARM.Collect$$rtentry$$00000000) refers (Special) to __rtentry2.o(.ARM.Collect$$rtentry$$00000002) for __rt_entry_presh_1
    __rtentry.o(.ARM.Collect$$rtentry$$00000000) refers (Special) to __rtentry4.o(.ARM.Collect$$rtentry$$00000004) for __rt_entry_sh
    aeabi_idiv0_sigfpe.o(.text) refers to rt_div0.o(.text) for __rt_div0
    _printf_intcommon.o(.text) refers (Weak) to _printf_pad.o(.text) for _printf_pre_padding
    _printf_intcommon.o(.text) refers (Weak) to _printf_pad.o(.text) for _printf_pre_padding
    _printf_intcommon.o(.text) refers (Weak) to _printf_pad.o(.text) for _printf_post_padding
    _printf_char_file.o(.text) refers to _printf_char_common.o(.text) for _printf_char_common
    _printf_char_file.o(.text) refers to ferror.o(.text) for ferror
    _printf_char_file.o(.text) refers to fputc.o(i.fputc) for fputc
    stdio_streams.o(.bss) refers (Special) to initio.o(.text) for _initio
    stdio_streams.o(.bss) refers (Special) to initio.o(.text) for _initio
    stdio_streams.o(.bss) refers (Special) to initio.o(.text) for _initio
    stdio_streams.o(.data) refers (Special) to initio.o(.text) for _initio
    stdio_streams.o(.data) refers (Special) to initio.o(.text) for _initio
    stdio_streams.o(.data) refers (Special) to initio.o(.text) for _initio
    __rtentry2.o(.ARM.Collect$$rtentry$$00000008) refers to boardinit2.o(.text) for _platform_post_stackheap_init
    __rtentry2.o(.ARM.Collect$$rtentry$$0000000A) refers to libinit.o(.ARM.Collect$$libinit$$00000000) for __rt_lib_init
    __rtentry2.o(.ARM.Collect$$rtentry$$0000000B) refers to boardinit3.o(.text) for _platform_post_lib_init
    __rtentry2.o(.ARM.Collect$$rtentry$$0000000D) refers to main.o(i.main) for main
    __rtentry2.o(.ARM.Collect$$rtentry$$0000000D) refers to exit.o(.text) for exit
    __rtentry2.o(.ARM.exidx) refers to __rtentry2.o(.ARM.Collect$$rtentry$$00000001) for .ARM.Collect$$rtentry$$00000001
    __rtentry2.o(.ARM.exidx) refers to __rtentry2.o(.ARM.Collect$$rtentry$$00000008) for .ARM.Collect$$rtentry$$00000008
    __rtentry2.o(.ARM.exidx) refers to __rtentry2.o(.ARM.Collect$$rtentry$$0000000A) for .ARM.Collect$$rtentry$$0000000A
    __rtentry2.o(.ARM.exidx) refers to __rtentry2.o(.ARM.Collect$$rtentry$$0000000B) for .ARM.Collect$$rtentry$$0000000B
    __rtentry2.o(.ARM.exidx) refers to __rtentry2.o(.ARM.Collect$$rtentry$$0000000D) for .ARM.Collect$$rtentry$$0000000D
    __rtentry4.o(.ARM.Collect$$rtentry$$00000004) refers to sys_stackheap_outer.o(.text) for __user_setup_stackheap
    __rtentry4.o(.ARM.exidx) refers to __rtentry4.o(.ARM.Collect$$rtentry$$00000004) for .ARM.Collect$$rtentry$$00000004
    rt_div0.o(.text) refers to defsig_fpe_outer.o(.text) for __rt_SIGFPE
    aeabi_ldiv0_sigfpe.o(.text) refers to rt_div0.o(.text) for __rt_div0
    _printf_char_common.o(.text) refers to __printf_flags_wp.o(.text) for __printf
    fputc.o(i.fputc) refers to flsbuf.o(.text) for __flsbuf_byte
    initio.o(.text) refers (Special) to libinit2.o(.ARM.Collect$$libinit$$00000024) for __rt_lib_init_stdio_2
    initio.o(.text) refers (Special) to libshutdown2.o(.ARM.Collect$$libshutdown$$00000003) for __rt_lib_shutdown_stdio_2
    initio.o(.text) refers to rt_memclr.o(.text) for __aeabi_memclr4
    initio.o(.text) refers to fopen.o(.text) for freopen
    initio.o(.text) refers to defsig_rtred_outer.o(.text) for __rt_SIGRTRED
    initio.o(.text) refers to setvbuf.o(.text) for setvbuf
    initio.o(.text) refers to fclose.o(.text) for _fclose_internal
    initio.o(.text) refers to h1_free.o(.text) for free
    initio.o(.text) refers to stdio_streams.o(.bss) for __stdin
    initio.o(.text) refers to stdio_streams.o(.bss) for __stdout
    initio.o(.text) refers to stdio_streams.o(.bss) for __stderr
    initio.o(.text) refers to stdio_streams.o(.data) for __aeabi_stdin
    initio.o(.text) refers to stdio_streams.o(.data) for __aeabi_stdout
    initio.o(.text) refers to stdio_streams.o(.data) for __aeabi_stderr
    initio.o(.text) refers to sys_io.o(.constdata) for __stdin_name
    initio.o(.text) refers to sys_io.o(.constdata) for __stdout_name
    initio.o(.text) refers to sys_io.o(.constdata) for __stderr_name
    initio_locked.o(.text) refers (Special) to libinit2.o(.ARM.Collect$$libinit$$00000024) for __rt_lib_init_stdio_2
    initio_locked.o(.text) refers (Special) to libshutdown2.o(.ARM.Collect$$libshutdown$$00000003) for __rt_lib_shutdown_stdio_2
    initio_locked.o(.text) refers to rt_memclr.o(.text) for __aeabi_memclr4
    initio_locked.o(.text) refers to fopen.o(.text) for freopen
    initio_locked.o(.text) refers to defsig_rtred_outer.o(.text) for __rt_SIGRTRED
    initio_locked.o(.text) refers to setvbuf.o(.text) for setvbuf
    initio_locked.o(.text) refers to fclose.o(.text) for _fclose_internal
    initio_locked.o(.text) refers to h1_free.o(.text) for free
    initio_locked.o(.text) refers to stdio_streams.o(.bss) for __stdin
    initio_locked.o(.text) refers to stdio_streams.o(.bss) for __stdout
    initio_locked.o(.text) refers to stdio_streams.o(.bss) for __stderr
    initio_locked.o(.text) refers to stdio_streams.o(.data) for __aeabi_stdin
    initio_locked.o(.text) refers to stdio_streams.o(.data) for __aeabi_stdout
    initio_locked.o(.text) refers to stdio_streams.o(.data) for __aeabi_stderr
    initio_locked.o(.text) refers to streamlock.o(.data) for _stream_list_lock
    initio_locked.o(.text) refers to sys_io.o(.constdata) for __stdin_name
    initio_locked.o(.text) refers to sys_io.o(.constdata) for __stdout_name
    initio_locked.o(.text) refers to sys_io.o(.constdata) for __stderr_name
    sys_io.o(.text) refers (Special) to use_no_semi.o(.text) for __I$use$semihosting
    sys_io.o(.text) refers (Special) to indicate_semi.o(.text) for __semihosting_library_function
    sys_io.o(.text) refers to strlen.o(.text) for strlen
    sys_io.o(.constdata) refers (Special) to use_no_semi.o(.text) for __I$use$semihosting
    sys_io.o(.constdata) refers (Special) to indicate_semi.o(.text) for __semihosting_library_function
    sys_io.o(.constdata) refers (Special) to use_no_semi.o(.text) for __I$use$semihosting
    sys_io.o(.constdata) refers (Special) to indicate_semi.o(.text) for __semihosting_library_function
    sys_io.o(.constdata) refers (Special) to use_no_semi.o(.text) for __I$use$semihosting
    sys_io.o(.constdata) refers (Special) to indicate_semi.o(.text) for __semihosting_library_function
    sys_stackheap_outer.o(.text) refers to libspace.o(.text) for __user_perproc_libspace
    sys_stackheap_outer.o(.text) refers to arm_startup_nrf51.o(.text) for __user_initial_stackheap
    sys_stackheap_outer.o(__vectab_stack_and_reset_area) refers to tempstk.o(.text) for __temporary_stack_top
    sys_stackheap_outer.o(__vectab_stack_and_reset_area) refers to __main.o(!!!main) for __main
    free.o(.text) refers (Special) to hguard.o(.text) for __heap$guard
    free.o(.text) refers to rt_heap_descriptor_intlibspace.o(.text) for __rt_heap_descriptor
    h1_free.o(.text) refers to rt_heap_descriptor_intlibspace.o(.text) for __rt_heap_descriptor
    h1_free_mt.o(.text) refers to rt_heap_descriptor_intlibspace.o(.text) for __rt_heap_descriptor
    heap2.o(i._FDIterate) refers to heap2.o(.conststring) for .conststring
    heap2.o(i.___Heap_ProvideMemory$realtime) refers to fdtree.o(i._FDTree_Delete) for _FDTree_Delete
    heap2.o(i.___Heap_ProvideMemory$realtime) refers to fdtree.o(i._FDTree_Insert) for _FDTree_Insert
    heap2.o(i.___Heap_Stats$realtime) refers to heap2.o(i._Heap2_StatsIterate) for _Heap2_StatsIterate
    heap2.o(i.___Heap_Stats$realtime) refers to aeabi_sdiv.o(.text) for __aeabi_uidivmod
    heap2.o(i.___Heap_Valid$realtime) refers to heap2.o(i._FDIterate) for _FDIterate
    heap2.o(i.___Heap_Valid$realtime) refers to heap2.o(.conststring) for .conststring
    heap2.o(i._free$realtime) refers to rt_heap_descriptor_intlibspace.o(.text) for __rt_heap_descriptor
    heap2.o(i._free$realtime) refers to fdtree.o(i._FDTree_Delete) for _FDTree_Delete
    heap2.o(i._free$realtime) refers to fdtree.o(i._FDTree_Insert) for _FDTree_Insert
    heap2.o(i._malloc$realtime) refers to rt_heap_descriptor_intlibspace.o(.text) for __rt_heap_descriptor
    heap2.o(i._malloc$realtime) refers to fdtree.o(i._FDTree_FindFirst) for _FDTree_FindFirst
    heap2.o(i._malloc$realtime) refers to init_alloc.o(.text) for __Heap_Full
    heap2.o(i._malloc$realtime) refers to fdtree.o(i._FDTree_RemoveNode) for _FDTree_RemoveNode
    heap2.o(i._malloc$realtime) refers to fdtree.o(i._FDTree_Insert) for _FDTree_Insert
    heap2.o(i._posix_memalign$realtime) refers to rt_heap_descriptor_intlibspace.o(.text) for __rt_heap_descriptor
    heap2.o(i._posix_memalign$realtime) refers to fdtree.o(i._FDTree_FindFirst) for _FDTree_FindFirst
    heap2.o(i._posix_memalign$realtime) refers to init_alloc.o(.text) for __Heap_Full
    heap2.o(i._posix_memalign$realtime) refers to fdtree.o(i._FDTree_RemoveNode) for _FDTree_RemoveNode
    heap2.o(i._posix_memalign$realtime) refers to fdtree.o(i._FDTree_Insert) for _FDTree_Insert
    heap2.o(i._realloc$realtime) refers to rt_heap_descriptor_intlibspace.o(.text) for __rt_heap_descriptor
    heap2.o(i._realloc$realtime) refers to h1_free.o(.text) for free
    heap2.o(i._realloc$realtime) refers to h1_alloc.o(.text) for malloc
    heap2.o(i._realloc$realtime) refers to fdtree.o(i._FDTree_Delete) for _FDTree_Delete
    heap2.o(i._realloc$realtime) refers to fdtree.o(i._FDTree_Insert) for _FDTree_Insert
    heap2.o(i._realloc$realtime) refers to rt_memcpy.o(.emb_text) for __aeabi_memcpy4
    heap2mt.o(i._FDIterate) refers to heap2mt.o(.conststring) for .conststring
    heap2mt.o(i.___Heap_ProvideMemory$realtime$concurrent) refers to fdtree.o(i._FDTree_Delete) for _FDTree_Delete
    heap2mt.o(i.___Heap_ProvideMemory$realtime$concurrent) refers to fdtree.o(i._FDTree_Insert) for _FDTree_Insert
    heap2mt.o(i.___Heap_Stats$realtime$concurrent) refers to heap2mt.o(i._Heap2_StatsIterate) for _Heap2_StatsIterate
    heap2mt.o(i.___Heap_Stats$realtime$concurrent) refers to aeabi_sdiv.o(.text) for __aeabi_uidivmod
    heap2mt.o(i.___Heap_Valid$realtime$concurrent) refers to heap2mt.o(i._FDIterate) for _FDIterate
    heap2mt.o(i.___Heap_Valid$realtime$concurrent) refers to heap2mt.o(.conststring) for .conststring
    heap2mt.o(i._free$realtime$concurrent) refers to rt_heap_descriptor_intlibspace.o(.text) for __rt_heap_descriptor
    heap2mt.o(i._free$realtime$concurrent) refers to fdtree.o(i._FDTree_Delete) for _FDTree_Delete
    heap2mt.o(i._free$realtime$concurrent) refers to fdtree.o(i._FDTree_Insert) for _FDTree_Insert
    heap2mt.o(i._malloc$realtime$concurrent) refers to rt_heap_descriptor_intlibspace.o(.text) for __rt_heap_descriptor
    heap2mt.o(i._malloc$realtime$concurrent) refers to fdtree.o(i._FDTree_FindFirst) for _FDTree_FindFirst
    heap2mt.o(i._malloc$realtime$concurrent) refers to init_alloc.o(.text) for __Heap_Full
    heap2mt.o(i._malloc$realtime$concurrent) refers to fdtree.o(i._FDTree_RemoveNode) for _FDTree_RemoveNode
    heap2mt.o(i._malloc$realtime$concurrent) refers to fdtree.o(i._FDTree_Insert) for _FDTree_Insert
    heap2mt.o(i._posix_memalign$realtime$concurrent) refers to rt_heap_descriptor_intlibspace.o(.text) for __rt_heap_descriptor
    heap2mt.o(i._posix_memalign$realtime$concurrent) refers to fdtree.o(i._FDTree_FindFirst) for _FDTree_FindFirst
    heap2mt.o(i._posix_memalign$realtime$concurrent) refers to init_alloc.o(.text) for __Heap_Full
    heap2mt.o(i._posix_memalign$realtime$concurrent) refers to fdtree.o(i._FDTree_RemoveNode) for _FDTree_RemoveNode
    heap2mt.o(i._posix_memalign$realtime$concurrent) refers to fdtree.o(i._FDTree_Insert) for _FDTree_Insert
    heap2mt.o(i._realloc$realtime$concurrent) refers to rt_heap_descriptor_intlibspace.o(.text) for __rt_heap_descriptor
    heap2mt.o(i._realloc$realtime$concurrent) refers to h1_free.o(.text) for free
    heap2mt.o(i._realloc$realtime$concurrent) refers to h1_alloc.o(.text) for malloc
    heap2mt.o(i._realloc$realtime$concurrent) refers to fdtree.o(i._FDTree_Delete) for _FDTree_Delete
    heap2mt.o(i._realloc$realtime$concurrent) refers to fdtree.o(i._FDTree_Insert) for _FDTree_Insert
    heap2mt.o(i._realloc$realtime$concurrent) refers to rt_memcpy.o(.emb_text) for __aeabi_memcpy4
    flsbuf.o(.text) refers to stdio.o(.text) for _deferredlazyseek
    flsbuf.o(.text) refers to sys_io.o(.text) for _sys_flen
    flsbuf.o(.text) refers to h1_alloc.o(.text) for malloc
    streamlock.o(.data) refers (Special) to initio.o(.text) for _initio
    fopen.o(.text) refers to fclose.o(.text) for _fclose_internal
    fopen.o(.text) refers to sys_io.o(.text) for _sys_open
    fopen.o(.text) refers to fseek.o(.text) for _fseek
    fopen.o(.text) refers to h1_alloc.o(.text) for malloc
    fopen.o(.text) refers to rt_memclr.o(.text) for __aeabi_memclr4
    fopen.o(.text) refers to stdio_streams.o(.bss) for __stdin
    fclose.o(.text) refers to stdio.o(.text) for _fflush
    fclose.o(.text) refers to sys_io.o(.text) for _sys_close
    fclose.o(.text) refers to h1_free.o(.text) for free
    fclose.o(.text) refers to rt_memclr.o(.text) for __aeabi_memclr4
    fopen_locked.o(.text) refers to fclose.o(.text) for _fclose_internal
    fopen_locked.o(.text) refers to sys_io.o(.text) for _sys_open
    fopen_locked.o(.text) refers to fseek.o(.text) for _fseek
    fopen_locked.o(.text) refers to h1_alloc.o(.text) for malloc
    fopen_locked.o(.text) refers to rt_memclr.o(.text) for __aeabi_memclr4
    fopen_locked.o(.text) refers to streamlock.o(.data) for _stream_list_lock
    fopen_locked.o(.text) refers to stdio_streams.o(.bss) for __stdin
    exit.o(.text) refers to rtexit.o(.ARM.Collect$$rtexit$$00000000) for __rt_exit
    defsig_fpe_outer.o(.text) refers to defsig_fpe_inner.o(.text) for __rt_SIGFPE_inner
    defsig_fpe_outer.o(.text) refers to defsig_exit.o(.text) for __sig_exit
    defsig_fpe_formal.o(.text) refers to rt_raise.o(.text) for __rt_raise
    defsig_rtred_outer.o(.text) refers to defsig_rtred_inner.o(.text) for __rt_SIGRTRED_inner
    defsig_rtred_outer.o(.text) refers to defsig_exit.o(.text) for __sig_exit
    defsig_rtred_formal.o(.text) refers to rt_raise.o(.text) for __rt_raise
    libinit.o(.ARM.Collect$$libinit$$00000000) refers (Special) to libinit2.o(.ARM.Collect$$libinit$$0000002E) for __rt_lib_init_alloca_1
    libinit.o(.ARM.Collect$$libinit$$00000000) refers (Special) to libinit2.o(.ARM.Collect$$libinit$$0000002C) for __rt_lib_init_argv_1
    libinit.o(.ARM.Collect$$libinit$$00000000) refers (Special) to libinit2.o(.ARM.Collect$$libinit$$0000001B) for __rt_lib_init_atexit_1
    libinit.o(.ARM.Collect$$libinit$$00000000) refers (Special) to libinit2.o(.ARM.Collect$$libinit$$00000021) for __rt_lib_init_clock_1
    libinit.o(.ARM.Collect$$libinit$$00000000) refers (Special) to libinit2.o(.ARM.Collect$$libinit$$00000032) for __rt_lib_init_cpp_1
    libinit.o(.ARM.Collect$$libinit$$00000000) refers (Special) to libinit2.o(.ARM.Collect$$libinit$$00000030) for __rt_lib_init_exceptions_1
    libinit.o(.ARM.Collect$$libinit$$00000000) refers (Special) to libinit2.o(.ARM.Collect$$libinit$$00000002) for __rt_lib_init_fp_1
    libinit.o(.ARM.Collect$$libinit$$00000000) refers (Special) to libinit2.o(.ARM.Collect$$libinit$$0000001F) for __rt_lib_init_fp_trap_1
    libinit.o(.ARM.Collect$$libinit$$00000000) refers (Special) to libinit2.o(.ARM.Collect$$libinit$$00000023) for __rt_lib_init_getenv_1
    libinit.o(.ARM.Collect$$libinit$$00000000) refers (Special) to libinit2.o(.ARM.Collect$$libinit$$0000000A) for __rt_lib_init_heap_1
    libinit.o(.ARM.Collect$$libinit$$00000000) refers (Special) to libinit2.o(.ARM.Collect$$libinit$$00000011) for __rt_lib_init_lc_collate_1
    libinit.o(.ARM.Collect$$libinit$$00000000) refers (Special) to libinit2.o(.ARM.Collect$$libinit$$00000013) for __rt_lib_init_lc_ctype_1
    libinit.o(.ARM.Collect$$libinit$$00000000) refers (Special) to libinit2.o(.ARM.Collect$$libinit$$00000015) for __rt_lib_init_lc_monetary_1
    libinit.o(.ARM.Collect$$libinit$$00000000) refers (Special) to libinit2.o(.ARM.Collect$$libinit$$00000017) for __rt_lib_init_lc_numeric_1
    libinit.o(.ARM.Collect$$libinit$$00000000) refers (Special) to libinit2.o(.ARM.Collect$$libinit$$00000019) for __rt_lib_init_lc_time_1
    libinit.o(.ARM.Collect$$libinit$$00000000) refers (Special) to libinit2.o(.ARM.Collect$$libinit$$00000004) for __rt_lib_init_preinit_1
    libinit.o(.ARM.Collect$$libinit$$00000000) refers (Special) to libinit2.o(.ARM.Collect$$libinit$$0000000E) for __rt_lib_init_rand_1
    libinit.o(.ARM.Collect$$libinit$$00000000) refers (Special) to libinit2.o(.ARM.Collect$$libinit$$00000033) for __rt_lib_init_return
    libinit.o(.ARM.Collect$$libinit$$00000000) refers (Special) to libinit2.o(.ARM.Collect$$libinit$$0000001D) for __rt_lib_init_signal_1
    libinit.o(.ARM.Collect$$libinit$$00000000) refers (Special) to libinit2.o(.ARM.Collect$$libinit$$00000025) for __rt_lib_init_stdio_1
    libinit.o(.ARM.Collect$$libinit$$00000000) refers (Special) to libinit2.o(.ARM.Collect$$libinit$$0000000C) for __rt_lib_init_user_alloc_1
    libinit2.o(.ARM.Collect$$libinit$$00000005) refers (Weak) to init_alloc.o(.text) for _init_alloc
    libinit2.o(.ARM.Collect$$libinit$$00000010) refers to libinit2.o(.ARM.Collect$$libinit$$0000000F) for .ARM.Collect$$libinit$$0000000F
    libinit2.o(.ARM.Collect$$libinit$$00000012) refers to libinit2.o(.ARM.Collect$$libinit$$0000000F) for .ARM.Collect$$libinit$$0000000F
    libinit2.o(.ARM.Collect$$libinit$$00000014) refers to libinit2.o(.ARM.Collect$$libinit$$0000000F) for .ARM.Collect$$libinit$$0000000F
    libinit2.o(.ARM.Collect$$libinit$$00000016) refers to libinit2.o(.ARM.Collect$$libinit$$0000000F) for .ARM.Collect$$libinit$$0000000F
    libinit2.o(.ARM.Collect$$libinit$$00000018) refers to libinit2.o(.ARM.Collect$$libinit$$0000000F) for .ARM.Collect$$libinit$$0000000F
    libinit2.o(.ARM.Collect$$libinit$$00000024) refers (Weak) to initio.o(.text) for _initio
    libinit2.o(.ARM.Collect$$libinit$$00000026) refers to argv_veneer.o(.text) for __ARM_argv_veneer
    libinit2.o(.ARM.Collect$$libinit$$00000027) refers to argv_veneer.o(.text) for __ARM_argv_veneer
    libshutdown2.o(.ARM.Collect$$libshutdown$$00000003) refers (Weak) to initio.o(.text) for _terminateio
    libshutdown2.o(.ARM.Collect$$libshutdown$$0000000D) refers (Weak) to term_alloc.o(.text) for _terminate_alloc
    flsbuf_fwide.o(.text) refers to flsbuf.o(.text) for __flsbuf
    libspace.o(.text) refers to libspace.o(.bss) for __libspace_start
    rtexit.o(.ARM.Collect$$rtexit$$00000000) refers (Special) to rtexit2.o(.ARM.Collect$$rtexit$$00000004) for __rt_exit_exit
    rtexit.o(.ARM.Collect$$rtexit$$00000000) refers (Special) to rtexit2.o(.ARM.Collect$$rtexit$$00000003) for __rt_exit_ls
    rtexit.o(.ARM.Collect$$rtexit$$00000000) refers (Special) to rtexit2.o(.ARM.Collect$$rtexit$$00000002) for __rt_exit_prels_1
    rtexit.o(.ARM.exidx) refers (Special) to rtexit2.o(.ARM.Collect$$rtexit$$00000004) for __rt_exit_exit
    rtexit.o(.ARM.exidx) refers (Special) to rtexit2.o(.ARM.Collect$$rtexit$$00000003) for __rt_exit_ls
    rtexit.o(.ARM.exidx) refers (Special) to rtexit2.o(.ARM.Collect$$rtexit$$00000002) for __rt_exit_prels_1
    rtexit.o(.ARM.exidx) refers to rtexit.o(.ARM.Collect$$rtexit$$00000000) for .ARM.Collect$$rtexit$$00000000
    rt_raise.o(.text) refers to __raise.o(.text) for __raise
    rt_raise.o(.text) refers to sys_exit.o(.text) for _sys_exit
    rt_heap_descriptor.o(.text) refers to rt_heap_descriptor.o(.bss) for __rt_heap_descriptor_data
    rt_heap_descriptor_intlibspace.o(.text) refers to libspace.o(.bss) for __libspace_start
    init_alloc.o(.text) refers (Special) to hguard.o(.text) for __heap$guard
    init_alloc.o(.text) refers (Special) to libinit2.o(.ARM.Collect$$libinit$$00000005) for __rt_lib_init_heap_2
    init_alloc.o(.text) refers (Special) to maybetermalloc1.o(.emb_text) for _maybe_terminate_alloc
    init_alloc.o(.text) refers to h1_extend.o(.text) for __Heap_ProvideMemory
    init_alloc.o(.text) refers to defsig_rtmem_outer.o(.text) for __rt_SIGRTMEM
    init_alloc.o(.text) refers to rt_heap_descriptor_intlibspace.o(.text) for __rt_heap_descriptor
    init_alloc.o(.text) refers to h1_init.o(.text) for __Heap_Initialize
    malloc.o(.text) refers (Special) to hguard.o(.text) for __heap$guard
    malloc.o(.text) refers (Special) to init_alloc.o(.text) for _init_alloc
    malloc.o(.text) refers to rt_heap_descriptor_intlibspace.o(.text) for __rt_heap_descriptor
    h1_alloc.o(.text) refers (Special) to h1_init.o(.text) for __Heap_Initialize
    h1_alloc.o(.text) refers to rt_heap_descriptor_intlibspace.o(.text) for __rt_heap_descriptor
    h1_alloc.o(.text) refers to init_alloc.o(.text) for __Heap_Full
    h1_alloc_mt.o(.text) refers (Special) to h1_init.o(.text) for __Heap_Initialize
    h1_alloc_mt.o(.text) refers to init_alloc.o(.text) for __Heap_Full
    h1_alloc_mt.o(.text) refers to rt_heap_descriptor_intlibspace.o(.text) for __rt_heap_descriptor
    _printf_char_file_locked.o(.text) refers to _printf_char_common.o(.text) for _printf_char_common
    _printf_char_file_locked.o(.text) refers to fputc.o(i._fputc$unlocked) for _fputc$unlocked
    fseek.o(.text) refers to sys_io.o(.text) for _sys_istty
    fseek.o(.text) refers to ftell.o(.text) for _ftell_internal
    fseek.o(.text) refers to stdio.o(.text) for _seterr
    stdio.o(.text) refers to sys_io.o(.text) for _sys_seek
    fwritefast.o(.text) refers to stdio.o(.text) for _writebuf
    fwritefast.o(.text) refers to flsbuf.o(.text) for __flsbuf_byte
    fwritefast.o(.text) refers to rt_memcpy.o(.text) for __aeabi_memcpy
    fwritefast_locked.o(.text) refers to stdio.o(.text) for _writebuf
    fwritefast_locked.o(.text) refers to flsbuf.o(.text) for __flsbuf_byte
    fwritefast_locked.o(.text) refers to rt_memcpy.o(.text) for __aeabi_memcpy
    defsig_exit.o(.text) refers to sys_exit.o(.text) for _sys_exit
    defsig_fpe_inner.o(.text) refers to defsig_general.o(.text) for __default_signal_display
    defsig_rtred_inner.o(.text) refers to defsig_general.o(.text) for __default_signal_display
    assert_stdio.o(.text) refers to fputs.o(.text) for fputs
    assert_stdio.o(.text) refers to fflush.o(.text) for fflush
    assert_stdio.o(.text) refers to stdio_streams.o(.bss) for __stderr
    sys_exit.o(.text) refers (Special) to use_no_semi.o(.text) for __I$use$semihosting
    sys_exit.o(.text) refers (Special) to indicate_semi.o(.text) for __semihosting_library_function
    rtexit2.o(.ARM.Collect$$rtexit$$00000003) refers to libshutdown.o(.ARM.Collect$$libshutdown$$00000000) for __rt_lib_shutdown
    rtexit2.o(.ARM.Collect$$rtexit$$00000004) refers to sys_exit.o(.text) for _sys_exit
    rtexit2.o(.ARM.exidx) refers to rtexit2.o(.ARM.Collect$$rtexit$$00000001) for .ARM.Collect$$rtexit$$00000001
    rtexit2.o(.ARM.exidx) refers to rtexit2.o(.ARM.Collect$$rtexit$$00000003) for .ARM.Collect$$rtexit$$00000003
    rtexit2.o(.ARM.exidx) refers to rtexit2.o(.ARM.Collect$$rtexit$$00000004) for .ARM.Collect$$rtexit$$00000004
    maybetermalloc2.o(.emb_text) refers (Special) to term_alloc.o(.text) for _terminate_alloc
    h1_extend.o(.text) refers to h1_free.o(.text) for free
    h1_extend_mt.o(.text) refers to h1_free_mt.o(.text) for _free_internal
    fflush.o(.text) refers to stdio.o(.text) for _fflush
    fflush.o(.text) refers to fseek.o(.text) for _fseek
    fflush.o(.text) refers to stdio_streams.o(.bss) for __stdin
    fputs.o(.text) refers to fputc.o(i.fputc) for fputc
    ftell.o(.text) refers to rt_errno_addr_intlibspace.o(.text) for __aeabi_errno_addr
    fflush_locked.o(.text) refers to stdio.o(.text) for _fflush
    fflush_locked.o(.text) refers to fseek.o(.text) for _fseek
    fflush_locked.o(.text) refers to fflush.o(.text) for _do_fflush
    fflush_locked.o(.text) refers to streamlock.o(.data) for _stream_list_lock
    fflush_locked.o(.text) refers to stdio_streams.o(.bss) for __stdin
    __raise.o(.text) refers to defsig.o(CL$$defsig) for __default_signal_handler
    defsig_general.o(.text) refers to sys_wrch.o(.text) for _ttywrch
    defsig_rtmem_outer.o(.text) refers to defsig_rtmem_inner.o(.text) for __rt_SIGRTMEM_inner
    defsig_rtmem_outer.o(.text) refers to defsig_exit.o(.text) for __sig_exit
    defsig_rtmem_formal.o(.text) refers to rt_raise.o(.text) for __rt_raise
    heapauxa.o(.text) refers to heapauxa.o(.data) for .data
    _get_argv.o(.text) refers (Special) to hrguard.o(.text) for __heap_region$guard
    _get_argv.o(.text) refers to h1_alloc.o(.text) for malloc
    _get_argv.o(.text) refers to defsig_rtmem_outer.o(.text) for __rt_SIGRTMEM
    _get_argv.o(.text) refers to sys_command.o(.text) for _sys_command_string
    _get_argv_nomalloc.o(.text) refers (Special) to hrguard.o(.text) for __heap_region$guard
    _get_argv_nomalloc.o(.text) refers to defsig_rtmem_outer.o(.text) for __rt_SIGRTMEM
    _get_argv_nomalloc.o(.text) refers to sys_command.o(.text) for _sys_command_string
    sys_wrch.o(.text) refers (Special) to use_no_semi.o(.text) for __I$use$semihosting
    sys_wrch.o(.text) refers (Special) to indicate_semi.o(.text) for __semihosting_library_function
    sys_command.o(.text) refers (Special) to use_no_semi.o(.text) for __I$use$semihosting
    sys_command.o(.text) refers (Special) to indicate_semi.o(.text) for __semihosting_library_function
    rt_errno_addr.o(.text) refers to rt_errno_addr.o(.bss) for __aeabi_errno_addr_data
    rt_errno_addr_intlibspace.o(.text) refers to libspace.o(.bss) for __libspace_start
    term_alloc.o(.text) refers (Special) to libshutdown2.o(.ARM.Collect$$libshutdown$$0000000E) for __rt_lib_shutdown_heap_2
    term_alloc.o(.text) refers to rt_heap_descriptor_intlibspace.o(.text) for __rt_heap_descriptor
    defsig_rtmem_inner.o(.text) refers to defsig_general.o(.text) for __default_signal_display
    defsig.o(CL$$defsig) refers to defsig_fpe_inner.o(.text) for __rt_SIGFPE_inner
    defsig.o(CL$$defsig) refers to defsig_rtred_inner.o(.text) for __rt_SIGRTRED_inner
    defsig.o(CL$$defsig) refers to defsig_rtmem_inner.o(.text) for __rt_SIGRTMEM_inner
    libshutdown.o(.ARM.Collect$$libshutdown$$00000000) refers (Special) to libshutdown2.o(.ARM.Collect$$libshutdown$$00000002) for __rt_lib_shutdown_cpp_1
    libshutdown.o(.ARM.Collect$$libshutdown$$00000000) refers (Special) to libshutdown2.o(.ARM.Collect$$libshutdown$$00000007) for __rt_lib_shutdown_fp_trap_1
    libshutdown.o(.ARM.Collect$$libshutdown$$00000000) refers (Special) to libshutdown2.o(.ARM.Collect$$libshutdown$$0000000F) for __rt_lib_shutdown_heap_1
    libshutdown.o(.ARM.Collect$$libshutdown$$00000000) refers (Special) to libshutdown2.o(.ARM.Collect$$libshutdown$$00000010) for __rt_lib_shutdown_return
    libshutdown.o(.ARM.Collect$$libshutdown$$00000000) refers (Special) to libshutdown2.o(.ARM.Collect$$libshutdown$$0000000A) for __rt_lib_shutdown_signal_1
    libshutdown.o(.ARM.Collect$$libshutdown$$00000000) refers (Special) to libshutdown2.o(.ARM.Collect$$libshutdown$$00000004) for __rt_lib_shutdown_stdio_1
    libshutdown.o(.ARM.Collect$$libshutdown$$00000000) refers (Special) to libshutdown2.o(.ARM.Collect$$libshutdown$$0000000C) for __rt_lib_shutdown_user_alloc_1
    defsig_abrt_inner.o(.text) refers to defsig_general.o(.text) for __default_signal_display
    defsig_stak_inner.o(.text) refers to defsig_general.o(.text) for __default_signal_display
    defsig_pvfn_inner.o(.text) refers to defsig_general.o(.text) for __default_signal_display
    defsig_cppl_inner.o(.text) refers to defsig_general.o(.text) for __default_signal_display
    defsig_segv_inner.o(.text) refers to defsig_general.o(.text) for __default_signal_display
    defsig_other.o(.text) refers to defsig_general.o(.text) for __default_signal_display


==============================================================================

Removing Unused input sections from the image.

    Removing mpu9150.o(.rev16_text), (4 bytes).
    Removing mpu9150.o(.revsh_text), (4 bytes).
    Removing mpu9150.o(.emb_text), (30 bytes).
    Removing mpu9150.o(i.mpu6050_i2c_read), (44 bytes).
    Removing mpu9150.o(i.mpu6050_i2c_write), (40 bytes).
    Removing mpu9150.o(i.mpu9150_init), (84 bytes).
    Removing mpu9150.o(i.mpu9150_register_read), (52 bytes).
    Removing mpu9150.o(i.mpu9150_register_write), (28 bytes).
    Removing mpu9150.o(i.mpu9150_verify_product_id), (32 bytes).
    Removing mpu9150.o(.data), (1 bytes).
    Removing inv_mpu.o(i.accel_self_test), (116 bytes).
    Removing inv_mpu.o(i.compass_self_test), (268 bytes).
    Removing inv_mpu.o(i.get_accel_prod_shift), (164 bytes).
    Removing inv_mpu.o(i.get_st_biases), (824 bytes).
    Removing inv_mpu.o(i.gyro_self_test), (204 bytes).
    Removing inv_mpu.o(i.mpu_configure_fifo), (92 bytes).
    Removing inv_mpu.o(i.mpu_get_accel_fsr), (64 bytes).
    Removing inv_mpu.o(i.mpu_get_accel_reg), (88 bytes).
    Removing inv_mpu.o(i.mpu_get_accel_sens), (72 bytes).
    Removing inv_mpu.o(i.mpu_get_compass_fsr), (16 bytes).
    Removing inv_mpu.o(i.mpu_get_compass_reg), (164 bytes).
    Removing inv_mpu.o(i.mpu_get_compass_sample_rate), (16 bytes).
    Removing inv_mpu.o(i.mpu_get_dmp_state), (16 bytes).
    Removing inv_mpu.o(i.mpu_get_fifo_config), (16 bytes).
    Removing inv_mpu.o(i.mpu_get_gyro_fsr), (56 bytes).
    Removing inv_mpu.o(i.mpu_get_gyro_reg), (88 bytes).
    Removing inv_mpu.o(i.mpu_get_gyro_sens), (68 bytes).
    Removing inv_mpu.o(i.mpu_get_int_status), (56 bytes).
    Removing inv_mpu.o(i.mpu_get_lpf), (60 bytes).
    Removing inv_mpu.o(i.mpu_get_power_state), (20 bytes).
    Removing inv_mpu.o(i.mpu_get_sample_rate), (32 bytes).
    Removing inv_mpu.o(i.mpu_get_temperature), (128 bytes).
    Removing inv_mpu.o(i.mpu_init), (204 bytes).
    Removing inv_mpu.o(i.mpu_load_firmware), (156 bytes).
    Removing inv_mpu.o(i.mpu_lp_accel_mode), (168 bytes).
    Removing inv_mpu.o(i.mpu_lp_motion_interrupt), (184 bytes).
    Removing inv_mpu.o(i.mpu_read_6050_accel_bias), (104 bytes).
    Removing inv_mpu.o(i.mpu_read_6500_accel_bias), (104 bytes).
    Removing inv_mpu.o(i.mpu_read_6500_gyro_bias), (104 bytes).
    Removing inv_mpu.o(i.mpu_read_fifo), (372 bytes).
    Removing inv_mpu.o(i.mpu_read_fifo_stream), (156 bytes).
    Removing inv_mpu.o(i.mpu_read_mem), (88 bytes).
    Removing inv_mpu.o(i.mpu_read_reg), (56 bytes).
    Removing inv_mpu.o(i.mpu_reg_dump), (92 bytes).
    Removing inv_mpu.o(i.mpu_reset_fifo), (364 bytes).
    Removing inv_mpu.o(i.mpu_run_self_test), (260 bytes).
    Removing inv_mpu.o(i.mpu_set_accel_bias_6050_reg), (172 bytes).
    Removing inv_mpu.o(i.mpu_set_accel_bias_6500_reg), (172 bytes).
    Removing inv_mpu.o(i.mpu_set_accel_fsr), (104 bytes).
    Removing inv_mpu.o(i.mpu_set_bypass), (220 bytes).
    Removing inv_mpu.o(i.mpu_set_compass_sample_rate), (84 bytes).
    Removing inv_mpu.o(i.mpu_set_dmp_state), (120 bytes).
    Removing inv_mpu.o(i.mpu_set_gyro_bias_reg), (128 bytes).
    Removing inv_mpu.o(i.mpu_set_gyro_fsr), (112 bytes).
    Removing inv_mpu.o(i.mpu_set_int_latched), (104 bytes).
    Removing inv_mpu.o(i.mpu_set_int_level), (12 bytes).
    Removing inv_mpu.o(i.mpu_set_lpf), (108 bytes).
    Removing inv_mpu.o(i.mpu_set_sample_rate), (160 bytes).
    Removing inv_mpu.o(i.mpu_set_sensors), (316 bytes).
    Removing inv_mpu.o(i.mpu_write_mem), (88 bytes).
    Removing inv_mpu.o(i.set_int_enable), (100 bytes).
    Removing inv_mpu.o(i.setup_compass), (504 bytes).
    Removing inv_mpu.o(.constdata), (42 bytes).
    Removing inv_mpu.o(.constdata), (14 bytes).
    Removing inv_mpu.o(.constdata), (40 bytes).
    Removing inv_mpu.o(.data), (56 bytes).
    Removing inv_mpu_dmp_motion_driver.o(i.dmp_enable_6x_lp_quat), (56 bytes).
    Removing inv_mpu_dmp_motion_driver.o(i.dmp_enable_feature), (436 bytes).
    Removing inv_mpu_dmp_motion_driver.o(i.dmp_enable_gyro_cal), (64 bytes).
    Removing inv_mpu_dmp_motion_driver.o(i.dmp_enable_lp_quat), (56 bytes).
    Removing inv_mpu_dmp_motion_driver.o(i.dmp_get_enabled_features), (16 bytes).
    Removing inv_mpu_dmp_motion_driver.o(i.dmp_get_fifo_rate), (16 bytes).
    Removing inv_mpu_dmp_motion_driver.o(i.dmp_get_pedometer_step_count), (52 bytes).
    Removing inv_mpu_dmp_motion_driver.o(i.dmp_get_pedometer_walk_time), (56 bytes).
    Removing inv_mpu_dmp_motion_driver.o(i.dmp_load_motion_driver_firmware), (28 bytes).
    Removing inv_mpu_dmp_motion_driver.o(i.dmp_read_fifo), (360 bytes).
    Removing inv_mpu_dmp_motion_driver.o(i.dmp_register_android_orient_cb), (12 bytes).
    Removing inv_mpu_dmp_motion_driver.o(i.dmp_register_tap_cb), (12 bytes).
    Removing inv_mpu_dmp_motion_driver.o(i.dmp_set_accel_bias), (188 bytes).
    Removing inv_mpu_dmp_motion_driver.o(i.dmp_set_fifo_rate), (108 bytes).
    Removing inv_mpu_dmp_motion_driver.o(i.dmp_set_gyro_bias), (204 bytes).
    Removing inv_mpu_dmp_motion_driver.o(i.dmp_set_interrupt_mode), (88 bytes).
    Removing inv_mpu_dmp_motion_driver.o(i.dmp_set_orientation), (240 bytes).
    Removing inv_mpu_dmp_motion_driver.o(i.dmp_set_pedometer_step_count), (32 bytes).
    Removing inv_mpu_dmp_motion_driver.o(i.dmp_set_pedometer_walk_time), (38 bytes).
    Removing inv_mpu_dmp_motion_driver.o(i.dmp_set_shake_reject_thresh), (44 bytes).
    Removing inv_mpu_dmp_motion_driver.o(i.dmp_set_shake_reject_time), (30 bytes).
    Removing inv_mpu_dmp_motion_driver.o(i.dmp_set_shake_reject_timeout), (30 bytes).
    Removing inv_mpu_dmp_motion_driver.o(i.dmp_set_tap_axes), (54 bytes).
    Removing inv_mpu_dmp_motion_driver.o(i.dmp_set_tap_count), (36 bytes).
    Removing inv_mpu_dmp_motion_driver.o(i.dmp_set_tap_thresh), (304 bytes).
    Removing inv_mpu_dmp_motion_driver.o(i.dmp_set_tap_time), (30 bytes).
    Removing inv_mpu_dmp_motion_driver.o(i.dmp_set_tap_time_multi), (30 bytes).
    Removing inv_mpu_dmp_motion_driver.o(.bss), (16 bytes).
    Removing inv_mpu_dmp_motion_driver.o(.constdata), (3062 bytes).
    Removing system_nrf51.o(.rev16_text), (4 bytes).
    Removing system_nrf51.o(.revsh_text), (4 bytes).
    Removing system_nrf51.o(i.SystemCoreClockUpdate), (16 bytes).
    Removing ble_srv_common.o(i.ble_srv_ascii_to_utf8), (18 bytes).
    Removing ble_srv_common.o(i.ble_srv_report_ref_encode), (12 bytes).
    Removing ble_srv_common.o(i.characteristic_add), (264 bytes).
    Removing ble_srv_common.o(i.set_security_req), (52 bytes).
    Removing ble_advdata.o(i.adv_data_encode), (330 bytes).
    Removing ble_advdata.o(i.ble_advdata_set), (90 bytes).
    Removing ble_advdata.o(i.conn_int_encode), (132 bytes).
    Removing ble_advdata.o(i.manuf_specific_data_encode), (100 bytes).
    Removing ble_advdata.o(i.name_encode), (106 bytes).
    Removing ble_advdata.o(i.service_data_encode), (124 bytes).
    Removing ble_advdata.o(i.uint16_encode), (10 bytes).
    Removing ble_advdata.o(i.uuid_list_encode), (38 bytes).
    Removing ble_advdata.o(i.uuid_list_sized_encode), (162 bytes).
    Removing ble_conn_params.o(i.ble_conn_params_change_conn_params), (80 bytes).
    Removing ble_conn_params.o(i.ble_conn_params_init), (84 bytes).
    Removing ble_conn_params.o(i.ble_conn_params_on_ble_evt), (144 bytes).
    Removing ble_conn_params.o(i.ble_conn_params_stop), (16 bytes).
    Removing ble_conn_params.o(i.conn_params_negotiation), (100 bytes).
    Removing ble_conn_params.o(i.is_conn_params_ok), (28 bytes).
    Removing ble_conn_params.o(i.update_timeout_handler), (100 bytes).
    Removing ble_conn_params.o(.bss), (28 bytes).
    Removing ble_conn_params.o(.data), (24 bytes).
    Removing nrf_delay.o(.rev16_text), (4 bytes).
    Removing nrf_delay.o(.revsh_text), (4 bytes).
    Removing nrf_delay.o(.emb_text), (30 bytes).
    Removing nrf_delay.o(i.nrf_delay_ms), (28 bytes).
    Removing twi_hw_master.o(.rev16_text), (4 bytes).
    Removing twi_hw_master.o(.revsh_text), (4 bytes).
    Removing twi_hw_master.o(.emb_text), (30 bytes).
    Removing twi_hw_master.o(i.twi_master_clear_bus), (128 bytes).
    Removing twi_hw_master.o(i.twi_master_init), (84 bytes).
    Removing twi_hw_master.o(i.twi_master_read), (196 bytes).
    Removing twi_hw_master.o(i.twi_master_transfer), (64 bytes).
    Removing twi_hw_master.o(i.twi_master_write), (160 bytes).
    Removing app_error.o(.rev16_text), (4 bytes).
    Removing app_error.o(.revsh_text), (4 bytes).
    Removing app_timer.o(.rev16_text), (4 bytes).
    Removing app_timer.o(.revsh_text), (4 bytes).
    Removing app_timer.o(i.NVIC_SetPriority), (68 bytes).
    Removing app_timer.o(i.app_timer_cnt_diff_compute), (12 bytes).
    Removing app_timer.o(i.app_timer_cnt_get), (16 bytes).
    Removing app_timer.o(i.app_timer_create), (76 bytes).
    Removing app_timer.o(i.app_timer_init), (180 bytes).
    Removing app_timer.o(i.app_timer_start), (132 bytes).
    Removing app_timer.o(i.app_timer_stop), (88 bytes).
    Removing app_timer.o(i.app_timer_stop_all), (68 bytes).
    Removing app_timer.o(i.user_id_get), (84 bytes).
    Removing app_timer.o(i.user_op_alloc), (36 bytes).
    Removing softdevice_handler.o(.rev16_text), (4 bytes).
    Removing softdevice_handler.o(.revsh_text), (4 bytes).
    Removing softdevice_handler.o(i.softdevice_assertion_handler), (12 bytes).
    Removing softdevice_handler.o(i.softdevice_handler_init), (32 bytes).
    Removing softdevice_handler.o(i.softdevice_handler_sd_disable), (24 bytes).
    Removing softdevice_handler.o(i.softdevice_sys_evt_handler_set), (20 bytes).
    Removing inv_mpu.o(i.__ARM_common_switch8), (26 bytes).
    Removing inv_mpu_dmp_motion_driver.o(i.__ARM_common_ll_mulss), (48 bytes).

154 unused section(s) (total 17461 bytes) removed from the image.

==============================================================================

Memory Map of the image

  Image Entry point : 0x00000000

  Load Region LR_IROM1 (Base: 0x00000000, Size: 0x000007f4, Max: 0x00040000, ABSOLUTE)

    Execution Region ER_IROM1 (Base: 0x00000000, Size: 0x000007c0, Max: 0x00040000, ABSOLUTE)

    Base Addr    Size         Type   Attr      Idx    E Section Name        Object

    0x00000000   0x000000c0   Data   RO          644    RESET               arm_startup_nrf51.o
    0x000000c0   0x00000008   Code   RO         1282  * !!!main             c_p.l(__main.o)
    0x000000c8   0x00000002   Code   RO         1455    .ARM.Collect$$libinit$$00000000  c_p.l(libinit.o)
    0x000000ca   0x00000000   Code   RO         1457    .ARM.Collect$$libinit$$00000002  c_p.l(libinit2.o)
    0x000000ca   0x00000000   Code   RO         1459    .ARM.Collect$$libinit$$00000004  c_p.l(libinit2.o)
    0x000000ca   0x00000000   Code   RO         1462    .ARM.Collect$$libinit$$0000000A  c_p.l(libinit2.o)
    0x000000ca   0x00000000   Code   RO         1464    .ARM.Collect$$libinit$$0000000C  c_p.l(libinit2.o)
    0x000000ca   0x00000000   Code   RO         1466    .ARM.Collect$$libinit$$0000000E  c_p.l(libinit2.o)
    0x000000ca   0x00000000   Code   RO         1469    .ARM.Collect$$libinit$$00000011  c_p.l(libinit2.o)
    0x000000ca   0x00000000   Code   RO         1471    .ARM.Collect$$libinit$$00000013  c_p.l(libinit2.o)
    0x000000ca   0x00000000   Code   RO         1473    .ARM.Collect$$libinit$$00000015  c_p.l(libinit2.o)
    0x000000ca   0x00000000   Code   RO         1475    .ARM.Collect$$libinit$$00000017  c_p.l(libinit2.o)
    0x000000ca   0x00000000   Code   RO         1477    .ARM.Collect$$libinit$$00000019  c_p.l(libinit2.o)
    0x000000ca   0x00000000   Code   RO         1479    .ARM.Collect$$libinit$$0000001B  c_p.l(libinit2.o)
    0x000000ca   0x00000000   Code   RO         1481    .ARM.Collect$$libinit$$0000001D  c_p.l(libinit2.o)
    0x000000ca   0x00000000   Code   RO         1483    .ARM.Collect$$libinit$$0000001F  c_p.l(libinit2.o)
    0x000000ca   0x00000000   Code   RO         1485    .ARM.Collect$$libinit$$00000021  c_p.l(libinit2.o)
    0x000000ca   0x00000000   Code   RO         1487    .ARM.Collect$$libinit$$00000023  c_p.l(libinit2.o)
    0x000000ca   0x00000000   Code   RO         1489    .ARM.Collect$$libinit$$00000025  c_p.l(libinit2.o)
    0x000000ca   0x00000000   Code   RO         1493    .ARM.Collect$$libinit$$0000002C  c_p.l(libinit2.o)
    0x000000ca   0x00000000   Code   RO         1495    .ARM.Collect$$libinit$$0000002E  c_p.l(libinit2.o)
    0x000000ca   0x00000000   Code   RO         1497    .ARM.Collect$$libinit$$00000030  c_p.l(libinit2.o)
    0x000000ca   0x00000000   Code   RO         1499    .ARM.Collect$$libinit$$00000032  c_p.l(libinit2.o)
    0x000000ca   0x00000002   Code   RO         1500    .ARM.Collect$$libinit$$00000033  c_p.l(libinit2.o)
    0x000000cc   0x00000002   Code   RO         1644    .ARM.Collect$$libshutdown$$00000000  c_p.l(libshutdown.o)
    0x000000ce   0x00000000   Code   RO         1502    .ARM.Collect$$libshutdown$$00000002  c_p.l(libshutdown2.o)
    0x000000ce   0x00000000   Code   RO         1504    .ARM.Collect$$libshutdown$$00000004  c_p.l(libshutdown2.o)
    0x000000ce   0x00000000   Code   RO         1507    .ARM.Collect$$libshutdown$$00000007  c_p.l(libshutdown2.o)
    0x000000ce   0x00000000   Code   RO         1510    .ARM.Collect$$libshutdown$$0000000A  c_p.l(libshutdown2.o)
    0x000000ce   0x00000000   Code   RO         1512    .ARM.Collect$$libshutdown$$0000000C  c_p.l(libshutdown2.o)
    0x000000ce   0x00000000   Code   RO         1515    .ARM.Collect$$libshutdown$$0000000F  c_p.l(libshutdown2.o)
    0x000000ce   0x00000002   Code   RO         1516    .ARM.Collect$$libshutdown$$00000010  c_p.l(libshutdown2.o)
    0x000000d0   0x00000000   Code   RO         1303    .ARM.Collect$$rtentry$$00000000  c_p.l(__rtentry.o)
    0x000000d0   0x00000000   Code   RO         1323    .ARM.Collect$$rtentry$$00000002  c_p.l(__rtentry2.o)
    0x000000d0   0x00000006   Code   RO         1335    .ARM.Collect$$rtentry$$00000004  c_p.l(__rtentry4.o)
    0x000000d6   0x00000000   Code   RO         1325    .ARM.Collect$$rtentry$$00000009  c_p.l(__rtentry2.o)
    0x000000d6   0x00000004   Code   RO         1326    .ARM.Collect$$rtentry$$0000000A  c_p.l(__rtentry2.o)
    0x000000da   0x00000000   Code   RO         1328    .ARM.Collect$$rtentry$$0000000C  c_p.l(__rtentry2.o)
    0x000000da   0x00000008   Code   RO         1329    .ARM.Collect$$rtentry$$0000000D  c_p.l(__rtentry2.o)
    0x000000e2   0x00000002   Code   RO         1526    .ARM.Collect$$rtexit$$00000000  c_p.l(rtexit.o)
    0x000000e4   0x00000000   Code   RO         1582    .ARM.Collect$$rtexit$$00000002  c_p.l(rtexit2.o)
    0x000000e4   0x00000004   Code   RO         1583    .ARM.Collect$$rtexit$$00000003  c_p.l(rtexit2.o)
    0x000000e8   0x00000006   Code   RO         1584    .ARM.Collect$$rtexit$$00000004  c_p.l(rtexit2.o)
    0x000000ee   0x00000002   PAD
    0x000000f0   0x0000001e   Code   RO          982    .emb_text           app_timer.o
    0x0000010e   0x00000002   PAD
    0x00000110   0x00000054   Code   RO          645    .text               arm_startup_nrf51.o
    0x00000164   0x00000006   Code   RO         1280    .text               c_p.l(heapauxi.o)
    0x0000016a   0x0000003e   Code   RO         1366    .text               c_p.l(sys_stackheap_outer.o)
    0x000001a8   0x00000010   Code   RO         1440    .text               c_p.l(exit.o)
    0x000001b8   0x00000008   Code   RO         1519    .text               c_p.l(libspace.o)
    0x000001c0   0x00000002   Code   RO         1522    .text               c_p.l(use_no_semi.o)
    0x000001c2   0x00000000   Code   RO         1524    .text               c_p.l(indicate_semi.o)
    0x000001c2   0x00000002   PAD
    0x000001c4   0x0000000c   Code   RO         1579    .text               c_p.l(sys_exit.o)
    0x000001d0   0x00000020   Code   RO          984    i.RTC1_IRQHandler   app_timer.o
    0x000001f0   0x00000054   Code   RO          985    i.SWI0_IRQHandler   app_timer.o
    0x00000244   0x00000024   Code   RO         1139    i.SWI2_IRQHandler   softdevice_handler.o
    0x00000268   0x00000054   Code   RO          652    i.SystemInit        system_nrf51.o
    0x000002bc   0x0000001c   Code   RO          956    i.app_error_handler  app_error.o
    0x000002d8   0x000000a4   Code   RO          993    i.compare_reg_update  app_timer.o
    0x0000037c   0x00000040   Code   RO          994    i.elapsed_ticks_acquire  app_timer.o
    0x000003bc   0x00000058   Code   RO          995    i.expired_timers_handler  app_timer.o
    0x00000414   0x00000034   Code   RO         1140    i.intern_softdevice_events_execute  softdevice_handler.o
    0x00000448   0x00000048   Code   RO          653    i.is_manual_peripheral_setup_needed  system_nrf51.o
    0x00000490   0x00000094   Code   RO          996    i.list_deletions_handler  app_timer.o
    0x00000524   0x000000f0   Code   RO          997    i.list_insertions_handler  app_timer.o
    0x00000614   0x00000004   Code   RO            1    i.main              main.o
    0x00000618   0x00000044   Code   RO          998    i.rtc1_stop         app_timer.o
    0x0000065c   0x00000010   Code   RO          999    i.timer_list_handler_sched  app_timer.o
    0x0000066c   0x00000064   Code   RO         1000    i.timer_list_insert  app_timer.o
    0x000006d0   0x00000070   Code   RO         1001    i.timer_list_remove  app_timer.o
    0x00000740   0x00000080   Code   RO         1002    i.timer_timeouts_check  app_timer.o
    0x000007c0   0x00000000   Data   RO         1661    Region$$Table       anon$$obj.o


    Execution Region RW_IRAM1 (Base: 0x20000000, Size: 0x00001098, Max: 0x00008000, ABSOLUTE)

    Base Addr    Size         Type   Attr      Idx    E Section Name        Object

    0x20000000   0x00000004   Data   RW          654    .data               system_nrf51.o
    0x20000004   0x00000024   Data   RW         1005    .data               app_timer.o
    0x20000028   0x0000000c   Data   RW         1145    .data               softdevice_handler.o
    0x20000034   0x00000060   Zero   RW         1520    .bss                c_p.l(libspace.o)
    0x20000094   0x00000004   PAD
    0x20000098   0x00000800   Zero   RW          643    HEAP                arm_startup_nrf51.o
    0x20000898   0x00000800   Zero   RW          642    STACK               arm_startup_nrf51.o

